ARM GAS  C:\Users\a_hae\AppData\Local\Temp\ccYDDiCk.s 			page 1


   1              		.cpu cortex-m0plus
   2              		.arch armv6s-m
   3              		.fpu softvfp
   4              		.eabi_attribute 20, 1
   5              		.eabi_attribute 21, 1
   6              		.eabi_attribute 23, 3
   7              		.eabi_attribute 24, 1
   8              		.eabi_attribute 25, 1
   9              		.eabi_attribute 26, 1
  10              		.eabi_attribute 30, 6
  11              		.eabi_attribute 34, 0
  12              		.eabi_attribute 18, 4
  13              		.file	"sensor_common.c"
  14              		.text
  15              	.Ltext0:
  16              		.cfi_sections	.debug_frame
  17              		.file 1 "Core/Src/sensor_common.c"
  18              		.section	.rodata.CHANNEL_OFFSET_TAB,"a"
  19              		.align	2
  22              	CHANNEL_OFFSET_TAB:
  23 0000 081C3044 		.ascii	"\010\0340DXl\200"
  23      586C80
  24              		.section	.text.calc_percent,"ax",%progbits
  25              		.align	1
  26              		.global	calc_percent
  27              		.syntax unified
  28              		.code	16
  29              		.thumb_func
  31              	calc_percent:
  32              	.LFB363:
   1:Core/Src/sensor_common.c **** /*
   2:Core/Src/sensor_common.c ****  * sensor_common.c
   3:Core/Src/sensor_common.c ****  *
   4:Core/Src/sensor_common.c ****  * Variantenneutraler Teil der Sensor-/Mess-Ebene: Prozentrechnung,
   5:Core/Src/sensor_common.c ****  * Tankform-Linearisierung und Analogausgang (DAC). Aus sensor.c
   6:Core/Src/sensor_common.c ****  * herausgezogen; Verhalten unveraendert.
   7:Core/Src/sensor_common.c ****  *
   8:Core/Src/sensor_common.c ****  * Das Einlesen des Rohwerts steckt variantenabhaengig in
   9:Core/Src/sensor_common.c ****  * sensor_legacy.c bzw. sensor_pdms.c - das Makefile bindet genau eine
  10:Core/Src/sensor_common.c ****  * der beiden Dateien ein.
  11:Core/Src/sensor_common.c ****  */
  12:Core/Src/sensor_common.c **** #include "main.h"
  13:Core/Src/sensor_common.c **** #include "sensor.h"
  14:Core/Src/sensor_common.c **** 
  15:Core/Src/sensor_common.c **** /* CubeMX-Handles und App-Zustand - definiert in main.c. */
  16:Core/Src/sensor_common.c **** extern DAC_HandleTypeDef hdac1;
  17:Core/Src/sensor_common.c **** extern prod_param device_param;
  18:Core/Src/sensor_common.c **** 
  19:Core/Src/sensor_common.c **** uint16_t calc_percent(calib_data *datas, int64_t mw)
  20:Core/Src/sensor_common.c **** {
  33              		.loc 1 20 1
  34              		.cfi_startproc
  35              		@ args = 0, pretend = 0, frame = 32
  36              		@ frame_needed = 1, uses_anonymous_args = 0
  37 0000 B0B5     		push	{r4, r5, r7, lr}
  38              	.LCFI0:
  39              		.cfi_def_cfa_offset 16
ARM GAS  C:\Users\a_hae\AppData\Local\Temp\ccYDDiCk.s 			page 2


  40              		.cfi_offset 4, -16
  41              		.cfi_offset 5, -12
  42              		.cfi_offset 7, -8
  43              		.cfi_offset 14, -4
  44 0002 88B0     		sub	sp, sp, #32
  45              	.LCFI1:
  46              		.cfi_def_cfa_offset 48
  47 0004 00AF     		add	r7, sp, #0
  48              	.LCFI2:
  49              		.cfi_def_cfa_register 7
  50 0006 7861     		str	r0, [r7, #20]
  51 0008 BA60     		str	r2, [r7, #8]
  52 000a FB60     		str	r3, [r7, #12]
  21:Core/Src/sensor_common.c **** 
  22:Core/Src/sensor_common.c **** 	if (datas->max_val == 0)
  53              		.loc 1 22 11
  54 000c 7B69     		ldr	r3, [r7, #20]
  55 000e 5B68     		ldr	r3, [r3, #4]
  56              		.loc 1 22 5
  57 0010 002B     		cmp	r3, #0
  58 0012 01D1     		bne	.L2
  23:Core/Src/sensor_common.c **** 	{
  24:Core/Src/sensor_common.c **** 		return 0;	/* Schutz: nie durch 0 teilen (defekte/leere Kalibrierung) */
  59              		.loc 1 24 10
  60 0014 0023     		movs	r3, #0
  61 0016 39E0     		b	.L3
  62              	.L2:
  25:Core/Src/sensor_common.c **** 	}
  26:Core/Src/sensor_common.c **** 	if(mw > datas->max_val*100)
  63              		.loc 1 26 15
  64 0018 7B69     		ldr	r3, [r7, #20]
  65 001a 5B68     		ldr	r3, [r3, #4]
  66              		.loc 1 26 24
  67 001c 6422     		movs	r2, #100
  68 001e 5343     		muls	r3, r2
  69 0020 1C00     		movs	r4, r3
  70 0022 0023     		movs	r3, #0
  71 0024 1D00     		movs	r5, r3
  72              		.loc 1 26 4
  73 0026 FB68     		ldr	r3, [r7, #12]
  74 0028 AB42     		cmp	r3, r5
  75 002a 05DC     		bgt	.L8
  76 002c FB68     		ldr	r3, [r7, #12]
  77 002e AB42     		cmp	r3, r5
  78 0030 0AD1     		bne	.L4
  79 0032 BB68     		ldr	r3, [r7, #8]
  80 0034 A342     		cmp	r3, r4
  81 0036 07D9     		bls	.L4
  82              	.L8:
  27:Core/Src/sensor_common.c **** 	{
  28:Core/Src/sensor_common.c **** 		mw = datas->max_val*100;
  83              		.loc 1 28 13
  84 0038 7B69     		ldr	r3, [r7, #20]
  85 003a 5B68     		ldr	r3, [r3, #4]
  86              		.loc 1 28 22
  87 003c 6422     		movs	r2, #100
  88 003e 5343     		muls	r3, r2
ARM GAS  C:\Users\a_hae\AppData\Local\Temp\ccYDDiCk.s 			page 3


  89              		.loc 1 28 6
  90 0040 BB60     		str	r3, [r7, #8]
  91 0042 0023     		movs	r3, #0
  92 0044 FB60     		str	r3, [r7, #12]
  93 0046 06E0     		b	.L6
  94              	.L4:
  29:Core/Src/sensor_common.c **** 	}
  30:Core/Src/sensor_common.c **** 	else if(mw < 0)
  95              		.loc 1 30 9
  96 0048 FB68     		ldr	r3, [r7, #12]
  97 004a 002B     		cmp	r3, #0
  98 004c 03DA     		bge	.L6
  31:Core/Src/sensor_common.c **** 	{
  32:Core/Src/sensor_common.c **** 		mw = 0;
  99              		.loc 1 32 6
 100 004e 0022     		movs	r2, #0
 101 0050 0023     		movs	r3, #0
 102 0052 BA60     		str	r2, [r7, #8]
 103 0054 FB60     		str	r3, [r7, #12]
 104              	.L6:
  33:Core/Src/sensor_common.c **** 	}
  34:Core/Src/sensor_common.c **** 	uint32_t res_val;
  35:Core/Src/sensor_common.c **** 	mw = mw*100;
 105              		.loc 1 35 5
 106 0056 6422     		movs	r2, #100
 107 0058 0023     		movs	r3, #0
 108 005a B868     		ldr	r0, [r7, #8]
 109 005c F968     		ldr	r1, [r7, #12]
 110 005e FFF7FEFF 		bl	__aeabi_lmul
 111 0062 0200     		movs	r2, r0
 112 0064 0B00     		movs	r3, r1
 113 0066 BA60     		str	r2, [r7, #8]
 114 0068 FB60     		str	r3, [r7, #12]
  36:Core/Src/sensor_common.c **** 	res_val = mw / datas->max_val;
 115              		.loc 1 36 22
 116 006a 7B69     		ldr	r3, [r7, #20]
 117 006c 5B68     		ldr	r3, [r3, #4]
 118 006e 3B60     		str	r3, [r7]
 119 0070 0023     		movs	r3, #0
 120 0072 7B60     		str	r3, [r7, #4]
 121              		.loc 1 36 15
 122 0074 3A68     		ldr	r2, [r7]
 123 0076 7B68     		ldr	r3, [r7, #4]
 124 0078 B868     		ldr	r0, [r7, #8]
 125 007a F968     		ldr	r1, [r7, #12]
 126 007c FFF7FEFF 		bl	__aeabi_ldivmod
 127 0080 0200     		movs	r2, r0
 128 0082 0B00     		movs	r3, r1
 129              		.loc 1 36 10
 130 0084 1300     		movs	r3, r2
 131 0086 FB61     		str	r3, [r7, #28]
  37:Core/Src/sensor_common.c **** 	return (uint16_t)res_val;
 132              		.loc 1 37 9
 133 0088 FB69     		ldr	r3, [r7, #28]
 134 008a 9BB2     		uxth	r3, r3
 135              	.L3:
  38:Core/Src/sensor_common.c **** }
ARM GAS  C:\Users\a_hae\AppData\Local\Temp\ccYDDiCk.s 			page 4


 136              		.loc 1 38 1
 137 008c 1800     		movs	r0, r3
 138 008e BD46     		mov	sp, r7
 139 0090 08B0     		add	sp, sp, #32
 140              		@ sp needed
 141 0092 B0BD     		pop	{r4, r5, r7, pc}
 142              		.cfi_endproc
 143              	.LFE363:
 145              		.section	.text.linearize_percent,"ax",%progbits
 146              		.align	1
 147              		.global	linearize_percent
 148              		.syntax unified
 149              		.code	16
 150              		.thumb_func
 152              	linearize_percent:
 153              	.LFB364:
  39:Core/Src/sensor_common.c **** 
  40:Core/Src/sensor_common.c **** /*
  41:Core/Src/sensor_common.c ****  * Linearisierung fuer unregelmaessige Tankformen:
  42:Core/Src/sensor_common.c ****  * bildet die Fuellhoehe (0..10000 = 0..100,00 %) ueber die 11 Stuetzstellen
  43:Core/Src/sensor_common.c ****  * per stueckweiser linearer Interpolation aufs Volumen ab.
  44:Core/Src/sensor_common.c ****  * Standardtabelle 0,10,..,100 = Identitaet (gleichmaessiger Tank).
  45:Core/Src/sensor_common.c ****  */
  46:Core/Src/sensor_common.c **** uint16_t linearize_percent(uint16_t raw)
  47:Core/Src/sensor_common.c **** {
 154              		.loc 1 47 1
 155              		.cfi_startproc
 156              		@ args = 0, pretend = 0, frame = 24
 157              		@ frame_needed = 1, uses_anonymous_args = 0
 158 0000 F0B5     		push	{r4, r5, r6, r7, lr}
 159              	.LCFI3:
 160              		.cfi_def_cfa_offset 20
 161              		.cfi_offset 4, -20
 162              		.cfi_offset 5, -16
 163              		.cfi_offset 6, -12
 164              		.cfi_offset 7, -8
 165              		.cfi_offset 14, -4
 166 0002 87B0     		sub	sp, sp, #28
 167              	.LCFI4:
 168              		.cfi_def_cfa_offset 48
 169 0004 00AF     		add	r7, sp, #0
 170              	.LCFI5:
 171              		.cfi_def_cfa_register 7
 172 0006 0200     		movs	r2, r0
 173 0008 BB1D     		adds	r3, r7, #6
 174 000a 1A80     		strh	r2, [r3]
  48:Core/Src/sensor_common.c **** 	if (raw >= 10000)
 175              		.loc 1 48 5
 176 000c BB1D     		adds	r3, r7, #6
 177 000e 1B88     		ldrh	r3, [r3]
 178 0010 244A     		ldr	r2, .L12
 179 0012 9342     		cmp	r3, r2
 180 0014 06D9     		bls	.L10
  49:Core/Src/sensor_common.c **** 	{
  50:Core/Src/sensor_common.c **** 		return (uint16_t)device_param.lin_point[10] * 100;
 181              		.loc 1 50 42
 182 0016 244B     		ldr	r3, .L12+4
ARM GAS  C:\Users\a_hae\AppData\Local\Temp\ccYDDiCk.s 			page 5


 183 0018 1B7B     		ldrb	r3, [r3, #12]
 184              		.loc 1 50 47
 185 001a 1A00     		movs	r2, r3
 186 001c 6423     		movs	r3, #100
 187 001e 5343     		muls	r3, r2
 188 0020 9BB2     		uxth	r3, r3
 189 0022 3AE0     		b	.L11
 190              	.L10:
  51:Core/Src/sensor_common.c **** 	}
  52:Core/Src/sensor_common.c **** 
  53:Core/Src/sensor_common.c **** 	uint8_t idx = raw / 1000;			/* Segment 0..9 */
 191              		.loc 1 53 10
 192 0024 BB1D     		adds	r3, r7, #6
 193 0026 1B88     		ldrh	r3, [r3]
 194 0028 FA22     		movs	r2, #250
 195 002a 9100     		lsls	r1, r2, #2
 196 002c 1800     		movs	r0, r3
 197 002e FFF7FEFF 		bl	__aeabi_uidiv
 198 0032 0300     		movs	r3, r0
 199 0034 9AB2     		uxth	r2, r3
 200 0036 1725     		movs	r5, #23
 201 0038 7B19     		adds	r3, r7, r5
 202 003a 1A70     		strb	r2, [r3]
  54:Core/Src/sensor_common.c **** 	uint16_t seg_off = raw % 1000;		/* Position im Segment */
 203              		.loc 1 54 11
 204 003c 1426     		movs	r6, #20
 205 003e BC19     		adds	r4, r7, r6
 206 0040 BB1D     		adds	r3, r7, #6
 207 0042 1B88     		ldrh	r3, [r3]
 208 0044 FA22     		movs	r2, #250
 209 0046 9100     		lsls	r1, r2, #2
 210 0048 1800     		movs	r0, r3
 211 004a FFF7FEFF 		bl	__aeabi_uidivmod
 212 004e 0B00     		movs	r3, r1
 213 0050 2380     		strh	r3, [r4]
  55:Core/Src/sensor_common.c **** 	int32_t y0 = (int32_t)device_param.lin_point[idx] * 100;
 214              		.loc 1 55 46
 215 0052 7B19     		adds	r3, r7, r5
 216 0054 1B78     		ldrb	r3, [r3]
 217 0056 144A     		ldr	r2, .L12+4
 218 0058 D318     		adds	r3, r2, r3
 219 005a 9B78     		ldrb	r3, [r3, #2]
 220              		.loc 1 55 15
 221 005c 1A00     		movs	r2, r3
 222              		.loc 1 55 10
 223 005e 6423     		movs	r3, #100
 224 0060 5343     		muls	r3, r2
 225 0062 3B61     		str	r3, [r7, #16]
  56:Core/Src/sensor_common.c **** 	int32_t y1 = (int32_t)device_param.lin_point[idx + 1] * 100;
 226              		.loc 1 56 51
 227 0064 7B19     		adds	r3, r7, r5
 228 0066 1B78     		ldrb	r3, [r3]
 229 0068 0133     		adds	r3, r3, #1
 230              		.loc 1 56 46
 231 006a 0F4A     		ldr	r2, .L12+4
 232 006c D318     		adds	r3, r2, r3
 233 006e 9B78     		ldrb	r3, [r3, #2]
ARM GAS  C:\Users\a_hae\AppData\Local\Temp\ccYDDiCk.s 			page 6


 234              		.loc 1 56 15
 235 0070 1A00     		movs	r2, r3
 236              		.loc 1 56 10
 237 0072 6423     		movs	r3, #100
 238 0074 5343     		muls	r3, r2
 239 0076 FB60     		str	r3, [r7, #12]
  57:Core/Src/sensor_common.c **** 
  58:Core/Src/sensor_common.c **** 	return (uint16_t)(y0 + ((y1 - y0) * (int32_t)seg_off) / 1000);
 240              		.loc 1 58 9
 241 0078 3B69     		ldr	r3, [r7, #16]
 242 007a 9CB2     		uxth	r4, r3
 243              		.loc 1 58 30
 244 007c FA68     		ldr	r2, [r7, #12]
 245 007e 3B69     		ldr	r3, [r7, #16]
 246 0080 D31A     		subs	r3, r2, r3
 247              		.loc 1 58 38
 248 0082 BA19     		adds	r2, r7, r6
 249 0084 1288     		ldrh	r2, [r2]
 250              		.loc 1 58 36
 251 0086 5343     		muls	r3, r2
 252              		.loc 1 58 56
 253 0088 FA22     		movs	r2, #250
 254 008a 9100     		lsls	r1, r2, #2
 255 008c 1800     		movs	r0, r3
 256 008e FFF7FEFF 		bl	__aeabi_idiv
 257 0092 0300     		movs	r3, r0
 258              		.loc 1 58 9
 259 0094 9BB2     		uxth	r3, r3
 260 0096 E318     		adds	r3, r4, r3
 261 0098 9BB2     		uxth	r3, r3
 262              	.L11:
  59:Core/Src/sensor_common.c **** }
 263              		.loc 1 59 1
 264 009a 1800     		movs	r0, r3
 265 009c BD46     		mov	sp, r7
 266 009e 07B0     		add	sp, sp, #28
 267              		@ sp needed
 268 00a0 F0BD     		pop	{r4, r5, r6, r7, pc}
 269              	.L13:
 270 00a2 C046     		.align	2
 271              	.L12:
 272 00a4 0F270000 		.word	9999
 273 00a8 00000000 		.word	device_param
 274              		.cfi_endproc
 275              	.LFE364:
 277              		.section	.text.set_volt,"ax",%progbits
 278              		.align	1
 279              		.global	set_volt
 280              		.syntax unified
 281              		.code	16
 282              		.thumb_func
 284              	set_volt:
 285              	.LFB365:
  60:Core/Src/sensor_common.c **** 
  61:Core/Src/sensor_common.c **** void set_volt(uint16_t percent, dac_calib_data * datas)
  62:Core/Src/sensor_common.c **** {
 286              		.loc 1 62 1
ARM GAS  C:\Users\a_hae\AppData\Local\Temp\ccYDDiCk.s 			page 7


 287              		.cfi_startproc
 288              		@ args = 0, pretend = 0, frame = 16
 289              		@ frame_needed = 1, uses_anonymous_args = 0
 290 0000 90B5     		push	{r4, r7, lr}
 291              	.LCFI6:
 292              		.cfi_def_cfa_offset 12
 293              		.cfi_offset 4, -12
 294              		.cfi_offset 7, -8
 295              		.cfi_offset 14, -4
 296 0002 85B0     		sub	sp, sp, #20
 297              	.LCFI7:
 298              		.cfi_def_cfa_offset 32
 299 0004 00AF     		add	r7, sp, #0
 300              	.LCFI8:
 301              		.cfi_def_cfa_register 7
 302 0006 0200     		movs	r2, r0
 303 0008 3960     		str	r1, [r7]
 304 000a BB1D     		adds	r3, r7, #6
 305 000c 1A80     		strh	r2, [r3]
  63:Core/Src/sensor_common.c **** 	uint32_t volt = 0;
 306              		.loc 1 63 11
 307 000e 0023     		movs	r3, #0
 308 0010 FB60     		str	r3, [r7, #12]
  64:Core/Src/sensor_common.c **** 	uint16_t dac_val = 0;
 309              		.loc 1 64 11
 310 0012 0A24     		movs	r4, #10
 311 0014 3B19     		adds	r3, r7, r4
 312 0016 0022     		movs	r2, #0
 313 0018 1A80     		strh	r2, [r3]
  65:Core/Src/sensor_common.c **** 
  66:Core/Src/sensor_common.c **** 	volt = (4 * percent)/10 + 500;
 314              		.loc 1 66 12
 315 001a BB1D     		adds	r3, r7, #6
 316 001c 1B88     		ldrh	r3, [r3]
 317 001e 9B00     		lsls	r3, r3, #2
 318              		.loc 1 66 22
 319 0020 0A21     		movs	r1, #10
 320 0022 1800     		movs	r0, r3
 321 0024 FFF7FEFF 		bl	__aeabi_idiv
 322 0028 0300     		movs	r3, r0
 323              		.loc 1 66 26
 324 002a F533     		adds	r3, r3, #245
 325 002c FF33     		adds	r3, r3, #255
 326              		.loc 1 66 7
 327 002e FB60     		str	r3, [r7, #12]
  67:Core/Src/sensor_common.c **** 
  68:Core/Src/sensor_common.c **** 	//dac_val = (volt * 12409) / 10000;														// Hier müssen noch Kalibirierparameter eingefü
  69:Core/Src/sensor_common.c **** 	dac_val = ((volt * datas->dac_mx )+datas->dac_c)/10000;
 328              		.loc 1 69 26
 329 0030 3B68     		ldr	r3, [r7]
 330 0032 5B68     		ldr	r3, [r3, #4]
 331 0034 1A00     		movs	r2, r3
 332              		.loc 1 69 19
 333 0036 FB68     		ldr	r3, [r7, #12]
 334 0038 5A43     		muls	r2, r3
 335              		.loc 1 69 42
 336 003a 3B68     		ldr	r3, [r7]
ARM GAS  C:\Users\a_hae\AppData\Local\Temp\ccYDDiCk.s 			page 8


 337 003c 9B68     		ldr	r3, [r3, #8]
 338              		.loc 1 69 36
 339 003e D318     		adds	r3, r2, r3
 340              		.loc 1 69 50
 341 0040 0949     		ldr	r1, .L15
 342 0042 1800     		movs	r0, r3
 343 0044 FFF7FEFF 		bl	__aeabi_uidiv
 344 0048 0300     		movs	r3, r0
 345 004a 1A00     		movs	r2, r3
 346              		.loc 1 69 10
 347 004c 3B19     		adds	r3, r7, r4
 348 004e 1A80     		strh	r2, [r3]
  70:Core/Src/sensor_common.c **** 
  71:Core/Src/sensor_common.c **** 	HAL_DAC_SetValue(&hdac1, DAC_CHANNEL_1, DAC_ALIGN_12B_R, dac_val);
 349              		.loc 1 71 2
 350 0050 3B19     		adds	r3, r7, r4
 351 0052 1B88     		ldrh	r3, [r3]
 352 0054 0548     		ldr	r0, .L15+4
 353 0056 0022     		movs	r2, #0
 354 0058 0021     		movs	r1, #0
 355 005a FFF7FEFF 		bl	HAL_DAC_SetValue
  72:Core/Src/sensor_common.c **** }
 356              		.loc 1 72 1
 357 005e C046     		nop
 358 0060 BD46     		mov	sp, r7
 359 0062 05B0     		add	sp, sp, #20
 360              		@ sp needed
 361 0064 90BD     		pop	{r4, r7, pc}
 362              	.L16:
 363 0066 C046     		.align	2
 364              	.L15:
 365 0068 10270000 		.word	10000
 366 006c 00000000 		.word	hdac1
 367              		.cfi_endproc
 368              	.LFE365:
 370              		.section	.text.set_volt_raw,"ax",%progbits
 371              		.align	1
 372              		.global	set_volt_raw
 373              		.syntax unified
 374              		.code	16
 375              		.thumb_func
 377              	set_volt_raw:
 378              	.LFB366:
  73:Core/Src/sensor_common.c **** 
  74:Core/Src/sensor_common.c **** void set_volt_raw(uint16_t volt, dac_calib_data * datas)
  75:Core/Src/sensor_common.c **** {
 379              		.loc 1 75 1
 380              		.cfi_startproc
 381              		@ args = 0, pretend = 0, frame = 8
 382              		@ frame_needed = 1, uses_anonymous_args = 0
 383 0000 80B5     		push	{r7, lr}
 384              	.LCFI9:
 385              		.cfi_def_cfa_offset 8
 386              		.cfi_offset 7, -8
 387              		.cfi_offset 14, -4
 388 0002 82B0     		sub	sp, sp, #8
 389              	.LCFI10:
ARM GAS  C:\Users\a_hae\AppData\Local\Temp\ccYDDiCk.s 			page 9


 390              		.cfi_def_cfa_offset 16
 391 0004 00AF     		add	r7, sp, #0
 392              	.LCFI11:
 393              		.cfi_def_cfa_register 7
 394 0006 0200     		movs	r2, r0
 395 0008 3960     		str	r1, [r7]
 396 000a BB1D     		adds	r3, r7, #6
 397 000c 1A80     		strh	r2, [r3]
  76:Core/Src/sensor_common.c **** 	//uint16_t dac_val = ((volt * datas->dac_mx )+datas->dac_c)/10000;
  77:Core/Src/sensor_common.c **** 
  78:Core/Src/sensor_common.c **** 	HAL_DAC_SetValue(&hdac1, DAC_CHANNEL_1, DAC_ALIGN_12B_R, volt);
 398              		.loc 1 78 2
 399 000e BB1D     		adds	r3, r7, #6
 400 0010 1B88     		ldrh	r3, [r3]
 401 0012 0448     		ldr	r0, .L18
 402 0014 0022     		movs	r2, #0
 403 0016 0021     		movs	r1, #0
 404 0018 FFF7FEFF 		bl	HAL_DAC_SetValue
  79:Core/Src/sensor_common.c **** }
 405              		.loc 1 79 1
 406 001c C046     		nop
 407 001e BD46     		mov	sp, r7
 408 0020 02B0     		add	sp, sp, #8
 409              		@ sp needed
 410 0022 80BD     		pop	{r7, pc}
 411              	.L19:
 412              		.align	2
 413              	.L18:
 414 0024 00000000 		.word	hdac1
 415              		.cfi_endproc
 416              	.LFE366:
 418              		.text
 419              	.Letext0:
 420              		.file 2 "C:\\ST\\STM32CubeIDE_2.2.0\\STM32CubeIDE\\plugins\\com.st.stm32cube.ide.mcu.externaltools
 421              		.file 3 "C:\\ST\\STM32CubeIDE_2.2.0\\STM32CubeIDE\\plugins\\com.st.stm32cube.ide.mcu.externaltools
 422              		.file 4 "Drivers/CMSIS/Device/ST/STM32G0xx/Include/stm32g0b1xx.h"
 423              		.file 5 "Drivers/STM32G0xx_HAL_Driver/Inc/stm32g0xx_hal_def.h"
 424              		.file 6 "Drivers/STM32G0xx_HAL_Driver/Inc/stm32g0xx_hal_dma.h"
 425              		.file 7 "Drivers/STM32G0xx_HAL_Driver/Inc/stm32g0xx_hal_dac.h"
 426              		.file 8 "Core/Inc/app_types.h"
 427              		.file 9 "Drivers/STM32G0xx_HAL_Driver/Inc/stm32g0xx_ll_dma.h"
ARM GAS  C:\Users\a_hae\AppData\Local\Temp\ccYDDiCk.s 			page 10


DEFINED SYMBOLS
                            *ABS*:00000000 sensor_common.c
C:\Users\a_hae\AppData\Local\Temp\ccYDDiCk.s:19     .rodata.CHANNEL_OFFSET_TAB:00000000 $d
C:\Users\a_hae\AppData\Local\Temp\ccYDDiCk.s:22     .rodata.CHANNEL_OFFSET_TAB:00000000 CHANNEL_OFFSET_TAB
C:\Users\a_hae\AppData\Local\Temp\ccYDDiCk.s:25     .text.calc_percent:00000000 $t
C:\Users\a_hae\AppData\Local\Temp\ccYDDiCk.s:31     .text.calc_percent:00000000 calc_percent
C:\Users\a_hae\AppData\Local\Temp\ccYDDiCk.s:146    .text.linearize_percent:00000000 $t
C:\Users\a_hae\AppData\Local\Temp\ccYDDiCk.s:152    .text.linearize_percent:00000000 linearize_percent
C:\Users\a_hae\AppData\Local\Temp\ccYDDiCk.s:272    .text.linearize_percent:000000a4 $d
C:\Users\a_hae\AppData\Local\Temp\ccYDDiCk.s:278    .text.set_volt:00000000 $t
C:\Users\a_hae\AppData\Local\Temp\ccYDDiCk.s:284    .text.set_volt:00000000 set_volt
C:\Users\a_hae\AppData\Local\Temp\ccYDDiCk.s:365    .text.set_volt:00000068 $d
C:\Users\a_hae\AppData\Local\Temp\ccYDDiCk.s:371    .text.set_volt_raw:00000000 $t
C:\Users\a_hae\AppData\Local\Temp\ccYDDiCk.s:377    .text.set_volt_raw:00000000 set_volt_raw
C:\Users\a_hae\AppData\Local\Temp\ccYDDiCk.s:414    .text.set_volt_raw:00000024 $d

UNDEFINED SYMBOLS
__aeabi_lmul
__aeabi_ldivmod
__aeabi_uidiv
__aeabi_uidivmod
__aeabi_idiv
device_param
HAL_DAC_SetValue
hdac1
