ARM GAS  C:\Users\a_hae\AppData\Local\Temp\ccecF1ya.s 			page 1


   1              		.cpu cortex-m0plus
   2              		.arch armv6s-m
   3              		.fpu softvfp
   4              		.eabi_attribute 20, 1
   5              		.eabi_attribute 21, 1
   6              		.eabi_attribute 23, 3
   7              		.eabi_attribute 24, 1
   8              		.eabi_attribute 25, 1
   9              		.eabi_attribute 26, 1
  10              		.eabi_attribute 30, 6
  11              		.eabi_attribute 34, 0
  12              		.eabi_attribute 18, 4
  13              		.file	"stm32g0xx_it.c"
  14              		.text
  15              	.Ltext0:
  16              		.cfi_sections	.debug_frame
  17              		.file 1 "Core/Src/stm32g0xx_it.c"
  18              		.section	.rodata.CHANNEL_OFFSET_TAB,"a"
  19              		.align	2
  22              	CHANNEL_OFFSET_TAB:
  23 0000 081C3044 		.ascii	"\010\0340DXl\200"
  23      586C80
  24              		.section	.text.NMI_Handler,"ax",%progbits
  25              		.align	1
  26              		.global	NMI_Handler
  27              		.syntax unified
  28              		.code	16
  29              		.thumb_func
  31              	NMI_Handler:
  32              	.LFB363:
   1:Core/Src/stm32g0xx_it.c **** /* USER CODE BEGIN Header */
   2:Core/Src/stm32g0xx_it.c **** /**
   3:Core/Src/stm32g0xx_it.c ****   ******************************************************************************
   4:Core/Src/stm32g0xx_it.c ****   * @file    stm32g0xx_it.c
   5:Core/Src/stm32g0xx_it.c ****   * @brief   Interrupt Service Routines.
   6:Core/Src/stm32g0xx_it.c ****   ******************************************************************************
   7:Core/Src/stm32g0xx_it.c ****   * @attention
   8:Core/Src/stm32g0xx_it.c ****   *
   9:Core/Src/stm32g0xx_it.c ****   * Copyright (c) 2023 STMicroelectronics.
  10:Core/Src/stm32g0xx_it.c ****   * All rights reserved.
  11:Core/Src/stm32g0xx_it.c ****   *
  12:Core/Src/stm32g0xx_it.c ****   * This software is licensed under terms that can be found in the LICENSE file
  13:Core/Src/stm32g0xx_it.c ****   * in the root directory of this software component.
  14:Core/Src/stm32g0xx_it.c ****   * If no LICENSE file comes with this software, it is provided AS-IS.
  15:Core/Src/stm32g0xx_it.c ****   *
  16:Core/Src/stm32g0xx_it.c ****   ******************************************************************************
  17:Core/Src/stm32g0xx_it.c ****   */
  18:Core/Src/stm32g0xx_it.c **** /* USER CODE END Header */
  19:Core/Src/stm32g0xx_it.c **** 
  20:Core/Src/stm32g0xx_it.c **** /* Includes ------------------------------------------------------------------*/
  21:Core/Src/stm32g0xx_it.c **** #include "main.h"
  22:Core/Src/stm32g0xx_it.c **** #include "stm32g0xx_it.h"
  23:Core/Src/stm32g0xx_it.c **** /* Private includes ----------------------------------------------------------*/
  24:Core/Src/stm32g0xx_it.c **** /* USER CODE BEGIN Includes */
  25:Core/Src/stm32g0xx_it.c **** #include "config_store.h"
  26:Core/Src/stm32g0xx_it.c **** /* USER CODE END Includes */
  27:Core/Src/stm32g0xx_it.c **** 
ARM GAS  C:\Users\a_hae\AppData\Local\Temp\ccecF1ya.s 			page 2


  28:Core/Src/stm32g0xx_it.c **** /* Private typedef -----------------------------------------------------------*/
  29:Core/Src/stm32g0xx_it.c **** /* USER CODE BEGIN TD */
  30:Core/Src/stm32g0xx_it.c **** 
  31:Core/Src/stm32g0xx_it.c **** /* USER CODE END TD */
  32:Core/Src/stm32g0xx_it.c **** 
  33:Core/Src/stm32g0xx_it.c **** /* Private define ------------------------------------------------------------*/
  34:Core/Src/stm32g0xx_it.c **** /* USER CODE BEGIN PD */
  35:Core/Src/stm32g0xx_it.c **** 
  36:Core/Src/stm32g0xx_it.c **** /* USER CODE END PD */
  37:Core/Src/stm32g0xx_it.c **** 
  38:Core/Src/stm32g0xx_it.c **** /* Private macro -------------------------------------------------------------*/
  39:Core/Src/stm32g0xx_it.c **** /* USER CODE BEGIN PM */
  40:Core/Src/stm32g0xx_it.c **** 
  41:Core/Src/stm32g0xx_it.c **** /* USER CODE END PM */
  42:Core/Src/stm32g0xx_it.c **** 
  43:Core/Src/stm32g0xx_it.c **** /* Private variables ---------------------------------------------------------*/
  44:Core/Src/stm32g0xx_it.c **** /* USER CODE BEGIN PV */
  45:Core/Src/stm32g0xx_it.c **** 
  46:Core/Src/stm32g0xx_it.c **** /* USER CODE END PV */
  47:Core/Src/stm32g0xx_it.c **** 
  48:Core/Src/stm32g0xx_it.c **** /* Private function prototypes -----------------------------------------------*/
  49:Core/Src/stm32g0xx_it.c **** /* USER CODE BEGIN PFP */
  50:Core/Src/stm32g0xx_it.c **** 
  51:Core/Src/stm32g0xx_it.c **** /* USER CODE END PFP */
  52:Core/Src/stm32g0xx_it.c **** 
  53:Core/Src/stm32g0xx_it.c **** /* Private user code ---------------------------------------------------------*/
  54:Core/Src/stm32g0xx_it.c **** /* USER CODE BEGIN 0 */
  55:Core/Src/stm32g0xx_it.c **** 
  56:Core/Src/stm32g0xx_it.c **** /* USER CODE END 0 */
  57:Core/Src/stm32g0xx_it.c **** 
  58:Core/Src/stm32g0xx_it.c **** /* External variables --------------------------------------------------------*/
  59:Core/Src/stm32g0xx_it.c **** extern DAC_HandleTypeDef hdac1;
  60:Core/Src/stm32g0xx_it.c **** extern FDCAN_HandleTypeDef hfdcan1;
  61:Core/Src/stm32g0xx_it.c **** extern TIM_HandleTypeDef htim6;
  62:Core/Src/stm32g0xx_it.c **** extern UART_HandleTypeDef huart2;
  63:Core/Src/stm32g0xx_it.c **** /* USER CODE BEGIN EV */
  64:Core/Src/stm32g0xx_it.c **** 
  65:Core/Src/stm32g0xx_it.c **** /* USER CODE END EV */
  66:Core/Src/stm32g0xx_it.c **** 
  67:Core/Src/stm32g0xx_it.c **** /******************************************************************************/
  68:Core/Src/stm32g0xx_it.c **** /*           Cortex-M0+ Processor Interruption and Exception Handlers          */
  69:Core/Src/stm32g0xx_it.c **** /******************************************************************************/
  70:Core/Src/stm32g0xx_it.c **** /**
  71:Core/Src/stm32g0xx_it.c ****   * @brief This function handles Non maskable interrupt.
  72:Core/Src/stm32g0xx_it.c ****   */
  73:Core/Src/stm32g0xx_it.c **** void NMI_Handler(void)
  74:Core/Src/stm32g0xx_it.c **** {
  33              		.loc 1 74 1
  34              		.cfi_startproc
  35              		@ args = 0, pretend = 0, frame = 8
  36              		@ frame_needed = 1, uses_anonymous_args = 0
  37 0000 80B5     		push	{r7, lr}
  38              	.LCFI0:
  39              		.cfi_def_cfa_offset 8
  40              		.cfi_offset 7, -8
  41              		.cfi_offset 14, -4
  42 0002 82B0     		sub	sp, sp, #8
ARM GAS  C:\Users\a_hae\AppData\Local\Temp\ccecF1ya.s 			page 3


  43              	.LCFI1:
  44              		.cfi_def_cfa_offset 16
  45 0004 00AF     		add	r7, sp, #0
  46              	.LCFI2:
  47              		.cfi_def_cfa_register 7
  75:Core/Src/stm32g0xx_it.c ****   /* USER CODE BEGIN NonMaskableInt_IRQn 0 */
  76:Core/Src/stm32g0xx_it.c **** 	/* Flash-ECC-Doppelfehler (z.B. durch Stromausfall waehrend eines
  77:Core/Src/stm32g0xx_it.c **** 	 * Config-Schreibvorgangs zerschossenes Doppelwort): liegt die
  78:Core/Src/stm32g0xx_it.c **** 	 * Fehleradresse im Config-Bereich, Page loeschen und neu starten -
  79:Core/Src/stm32g0xx_it.c **** 	 * die andere Ping-Pong-Page haelt die letzte gueltige Konfiguration. */
  80:Core/Src/stm32g0xx_it.c **** 	uint32_t eccr = FLASH->ECCR;
  48              		.loc 1 80 23
  49 0006 0E4B     		ldr	r3, .L4
  50              		.loc 1 80 11
  51 0008 9B69     		ldr	r3, [r3, #24]
  52 000a 7B60     		str	r3, [r7, #4]
  81:Core/Src/stm32g0xx_it.c **** 	if (eccr & FLASH_ECCR_ECCD)
  53              		.loc 1 81 6
  54 000c 7B68     		ldr	r3, [r7, #4]
  55              		.loc 1 81 5
  56 000e 002B     		cmp	r3, #0
  57 0010 13DA     		bge	.L3
  58              	.LBB2:
  82:Core/Src/stm32g0xx_it.c **** 	{
  83:Core/Src/stm32g0xx_it.c **** 		uint32_t fail_addr = FLASH_BASE + ((eccr & FLASH_ECCR_ADDR_ECC) * 8UL);
  59              		.loc 1 83 44
  60 0012 7B68     		ldr	r3, [r7, #4]
  61 0014 5B04     		lsls	r3, r3, #17
  62 0016 5B0C     		lsrs	r3, r3, #17
  63              		.loc 1 83 35
  64 0018 8022     		movs	r2, #128
  65 001a 5204     		lsls	r2, r2, #17
  66 001c 9446     		mov	ip, r2
  67 001e 6344     		add	r3, r3, ip
  68              		.loc 1 83 12
  69 0020 DB00     		lsls	r3, r3, #3
  70 0022 3B60     		str	r3, [r7]
  84:Core/Src/stm32g0xx_it.c **** 		FLASH->ECCR = eccr | FLASH_ECCR_ECCD;	/* Flag quittieren */
  71              		.loc 1 84 8
  72 0024 064B     		ldr	r3, .L4
  73              		.loc 1 84 22
  74 0026 7A68     		ldr	r2, [r7, #4]
  75 0028 8021     		movs	r1, #128
  76 002a 0906     		lsls	r1, r1, #24
  77 002c 0A43     		orrs	r2, r1
  78              		.loc 1 84 15
  79 002e 9A61     		str	r2, [r3, #24]
  85:Core/Src/stm32g0xx_it.c **** 		config_nmi_recover(fail_addr);			/* kehrt nur zurueck, wenn ausserhalb */
  80              		.loc 1 85 3
  81 0030 3B68     		ldr	r3, [r7]
  82 0032 1800     		movs	r0, r3
  83 0034 FFF7FEFF 		bl	config_nmi_recover
  84              	.LBE2:
  86:Core/Src/stm32g0xx_it.c **** 	}
  87:Core/Src/stm32g0xx_it.c ****   /* USER CODE END NonMaskableInt_IRQn 0 */
  88:Core/Src/stm32g0xx_it.c ****   /* USER CODE BEGIN NonMaskableInt_IRQn 1 */
  89:Core/Src/stm32g0xx_it.c ****    while (1)
ARM GAS  C:\Users\a_hae\AppData\Local\Temp\ccecF1ya.s 			page 4


  85              		.loc 1 89 10
  86 0038 C046     		nop
  87              	.L3:
  88 003a C046     		nop
  89 003c FDE7     		b	.L3
  90              	.L5:
  91 003e C046     		.align	2
  92              	.L4:
  93 0040 00200240 		.word	1073881088
  94              		.cfi_endproc
  95              	.LFE363:
  97              		.section	.text.HardFault_Handler,"ax",%progbits
  98              		.align	1
  99              		.global	HardFault_Handler
 100              		.syntax unified
 101              		.code	16
 102              		.thumb_func
 104              	HardFault_Handler:
 105              	.LFB364:
  90:Core/Src/stm32g0xx_it.c ****   {
  91:Core/Src/stm32g0xx_it.c ****   }
  92:Core/Src/stm32g0xx_it.c ****   /* USER CODE END NonMaskableInt_IRQn 1 */
  93:Core/Src/stm32g0xx_it.c **** }
  94:Core/Src/stm32g0xx_it.c **** 
  95:Core/Src/stm32g0xx_it.c **** /**
  96:Core/Src/stm32g0xx_it.c ****   * @brief This function handles Hard fault interrupt.
  97:Core/Src/stm32g0xx_it.c ****   */
  98:Core/Src/stm32g0xx_it.c **** void HardFault_Handler(void)
  99:Core/Src/stm32g0xx_it.c **** {
 106              		.loc 1 99 1
 107              		.cfi_startproc
 108              		@ args = 0, pretend = 0, frame = 0
 109              		@ frame_needed = 1, uses_anonymous_args = 0
 110 0000 80B5     		push	{r7, lr}
 111              	.LCFI3:
 112              		.cfi_def_cfa_offset 8
 113              		.cfi_offset 7, -8
 114              		.cfi_offset 14, -4
 115 0002 00AF     		add	r7, sp, #0
 116              	.LCFI4:
 117              		.cfi_def_cfa_register 7
 118              	.L7:
 100:Core/Src/stm32g0xx_it.c ****   /* USER CODE BEGIN HardFault_IRQn 0 */
 101:Core/Src/stm32g0xx_it.c **** 
 102:Core/Src/stm32g0xx_it.c ****   /* USER CODE END HardFault_IRQn 0 */
 103:Core/Src/stm32g0xx_it.c ****   while (1)
 119              		.loc 1 103 9
 120 0004 C046     		nop
 121 0006 FDE7     		b	.L7
 122              		.cfi_endproc
 123              	.LFE364:
 125              		.section	.text.SVC_Handler,"ax",%progbits
 126              		.align	1
 127              		.global	SVC_Handler
 128              		.syntax unified
 129              		.code	16
 130              		.thumb_func
ARM GAS  C:\Users\a_hae\AppData\Local\Temp\ccecF1ya.s 			page 5


 132              	SVC_Handler:
 133              	.LFB365:
 104:Core/Src/stm32g0xx_it.c ****   {
 105:Core/Src/stm32g0xx_it.c ****     /* USER CODE BEGIN W1_HardFault_IRQn 0 */
 106:Core/Src/stm32g0xx_it.c ****     /* USER CODE END W1_HardFault_IRQn 0 */
 107:Core/Src/stm32g0xx_it.c ****   }
 108:Core/Src/stm32g0xx_it.c **** }
 109:Core/Src/stm32g0xx_it.c **** 
 110:Core/Src/stm32g0xx_it.c **** /**
 111:Core/Src/stm32g0xx_it.c ****   * @brief This function handles System service call via SWI instruction.
 112:Core/Src/stm32g0xx_it.c ****   */
 113:Core/Src/stm32g0xx_it.c **** void SVC_Handler(void)
 114:Core/Src/stm32g0xx_it.c **** {
 134              		.loc 1 114 1
 135              		.cfi_startproc
 136              		@ args = 0, pretend = 0, frame = 0
 137              		@ frame_needed = 1, uses_anonymous_args = 0
 138 0000 80B5     		push	{r7, lr}
 139              	.LCFI5:
 140              		.cfi_def_cfa_offset 8
 141              		.cfi_offset 7, -8
 142              		.cfi_offset 14, -4
 143 0002 00AF     		add	r7, sp, #0
 144              	.LCFI6:
 145              		.cfi_def_cfa_register 7
 115:Core/Src/stm32g0xx_it.c ****   /* USER CODE BEGIN SVC_IRQn 0 */
 116:Core/Src/stm32g0xx_it.c **** 
 117:Core/Src/stm32g0xx_it.c ****   /* USER CODE END SVC_IRQn 0 */
 118:Core/Src/stm32g0xx_it.c ****   /* USER CODE BEGIN SVC_IRQn 1 */
 119:Core/Src/stm32g0xx_it.c **** 
 120:Core/Src/stm32g0xx_it.c ****   /* USER CODE END SVC_IRQn 1 */
 121:Core/Src/stm32g0xx_it.c **** }
 146              		.loc 1 121 1
 147 0004 C046     		nop
 148 0006 BD46     		mov	sp, r7
 149              		@ sp needed
 150 0008 80BD     		pop	{r7, pc}
 151              		.cfi_endproc
 152              	.LFE365:
 154              		.section	.text.PendSV_Handler,"ax",%progbits
 155              		.align	1
 156              		.global	PendSV_Handler
 157              		.syntax unified
 158              		.code	16
 159              		.thumb_func
 161              	PendSV_Handler:
 162              	.LFB366:
 122:Core/Src/stm32g0xx_it.c **** 
 123:Core/Src/stm32g0xx_it.c **** /**
 124:Core/Src/stm32g0xx_it.c ****   * @brief This function handles Pendable request for system service.
 125:Core/Src/stm32g0xx_it.c ****   */
 126:Core/Src/stm32g0xx_it.c **** void PendSV_Handler(void)
 127:Core/Src/stm32g0xx_it.c **** {
 163              		.loc 1 127 1
 164              		.cfi_startproc
 165              		@ args = 0, pretend = 0, frame = 0
 166              		@ frame_needed = 1, uses_anonymous_args = 0
ARM GAS  C:\Users\a_hae\AppData\Local\Temp\ccecF1ya.s 			page 6


 167 0000 80B5     		push	{r7, lr}
 168              	.LCFI7:
 169              		.cfi_def_cfa_offset 8
 170              		.cfi_offset 7, -8
 171              		.cfi_offset 14, -4
 172 0002 00AF     		add	r7, sp, #0
 173              	.LCFI8:
 174              		.cfi_def_cfa_register 7
 128:Core/Src/stm32g0xx_it.c ****   /* USER CODE BEGIN PendSV_IRQn 0 */
 129:Core/Src/stm32g0xx_it.c **** 
 130:Core/Src/stm32g0xx_it.c ****   /* USER CODE END PendSV_IRQn 0 */
 131:Core/Src/stm32g0xx_it.c ****   /* USER CODE BEGIN PendSV_IRQn 1 */
 132:Core/Src/stm32g0xx_it.c **** 
 133:Core/Src/stm32g0xx_it.c ****   /* USER CODE END PendSV_IRQn 1 */
 134:Core/Src/stm32g0xx_it.c **** }
 175              		.loc 1 134 1
 176 0004 C046     		nop
 177 0006 BD46     		mov	sp, r7
 178              		@ sp needed
 179 0008 80BD     		pop	{r7, pc}
 180              		.cfi_endproc
 181              	.LFE366:
 183              		.section	.text.SysTick_Handler,"ax",%progbits
 184              		.align	1
 185              		.global	SysTick_Handler
 186              		.syntax unified
 187              		.code	16
 188              		.thumb_func
 190              	SysTick_Handler:
 191              	.LFB367:
 135:Core/Src/stm32g0xx_it.c **** 
 136:Core/Src/stm32g0xx_it.c **** /**
 137:Core/Src/stm32g0xx_it.c ****   * @brief This function handles System tick timer.
 138:Core/Src/stm32g0xx_it.c ****   */
 139:Core/Src/stm32g0xx_it.c **** void SysTick_Handler(void)
 140:Core/Src/stm32g0xx_it.c **** {
 192              		.loc 1 140 1
 193              		.cfi_startproc
 194              		@ args = 0, pretend = 0, frame = 0
 195              		@ frame_needed = 1, uses_anonymous_args = 0
 196 0000 80B5     		push	{r7, lr}
 197              	.LCFI9:
 198              		.cfi_def_cfa_offset 8
 199              		.cfi_offset 7, -8
 200              		.cfi_offset 14, -4
 201 0002 00AF     		add	r7, sp, #0
 202              	.LCFI10:
 203              		.cfi_def_cfa_register 7
 141:Core/Src/stm32g0xx_it.c ****   /* USER CODE BEGIN SysTick_IRQn 0 */
 142:Core/Src/stm32g0xx_it.c **** 
 143:Core/Src/stm32g0xx_it.c ****   /* USER CODE END SysTick_IRQn 0 */
 144:Core/Src/stm32g0xx_it.c ****   HAL_IncTick();
 204              		.loc 1 144 3
 205 0004 FFF7FEFF 		bl	HAL_IncTick
 145:Core/Src/stm32g0xx_it.c ****   /* USER CODE BEGIN SysTick_IRQn 1 */
 146:Core/Src/stm32g0xx_it.c **** 
 147:Core/Src/stm32g0xx_it.c ****   /* USER CODE END SysTick_IRQn 1 */
ARM GAS  C:\Users\a_hae\AppData\Local\Temp\ccecF1ya.s 			page 7


 148:Core/Src/stm32g0xx_it.c **** }
 206              		.loc 1 148 1
 207 0008 C046     		nop
 208 000a BD46     		mov	sp, r7
 209              		@ sp needed
 210 000c 80BD     		pop	{r7, pc}
 211              		.cfi_endproc
 212              	.LFE367:
 214              		.section	.text.EXTI4_15_IRQHandler,"ax",%progbits
 215              		.align	1
 216              		.global	EXTI4_15_IRQHandler
 217              		.syntax unified
 218              		.code	16
 219              		.thumb_func
 221              	EXTI4_15_IRQHandler:
 222              	.LFB368:
 149:Core/Src/stm32g0xx_it.c **** 
 150:Core/Src/stm32g0xx_it.c **** /******************************************************************************/
 151:Core/Src/stm32g0xx_it.c **** /* STM32G0xx Peripheral Interrupt Handlers                                    */
 152:Core/Src/stm32g0xx_it.c **** /* Add here the Interrupt Handlers for the used peripherals.                  */
 153:Core/Src/stm32g0xx_it.c **** /* For the available peripheral interrupt handler names,                      */
 154:Core/Src/stm32g0xx_it.c **** /* please refer to the startup file (startup_stm32g0xx.s).                    */
 155:Core/Src/stm32g0xx_it.c **** /******************************************************************************/
 156:Core/Src/stm32g0xx_it.c **** 
 157:Core/Src/stm32g0xx_it.c **** /**
 158:Core/Src/stm32g0xx_it.c ****   * @brief This function handles EXTI line 4 to 15 interrupts.
 159:Core/Src/stm32g0xx_it.c ****   */
 160:Core/Src/stm32g0xx_it.c **** void EXTI4_15_IRQHandler(void)
 161:Core/Src/stm32g0xx_it.c **** {
 223              		.loc 1 161 1
 224              		.cfi_startproc
 225              		@ args = 0, pretend = 0, frame = 0
 226              		@ frame_needed = 1, uses_anonymous_args = 0
 227 0000 80B5     		push	{r7, lr}
 228              	.LCFI11:
 229              		.cfi_def_cfa_offset 8
 230              		.cfi_offset 7, -8
 231              		.cfi_offset 14, -4
 232 0002 00AF     		add	r7, sp, #0
 233              	.LCFI12:
 234              		.cfi_def_cfa_register 7
 162:Core/Src/stm32g0xx_it.c ****   /* USER CODE BEGIN EXTI4_15_IRQn 0 */
 163:Core/Src/stm32g0xx_it.c **** 
 164:Core/Src/stm32g0xx_it.c ****   /* USER CODE END EXTI4_15_IRQn 0 */
 165:Core/Src/stm32g0xx_it.c ****   HAL_GPIO_EXTI_IRQHandler(TASTER_Pin);
 235              		.loc 1 165 3
 236 0004 8023     		movs	r3, #128
 237 0006 5B00     		lsls	r3, r3, #1
 238 0008 1800     		movs	r0, r3
 239 000a FFF7FEFF 		bl	HAL_GPIO_EXTI_IRQHandler
 166:Core/Src/stm32g0xx_it.c ****   /* USER CODE BEGIN EXTI4_15_IRQn 1 */
 167:Core/Src/stm32g0xx_it.c **** 
 168:Core/Src/stm32g0xx_it.c ****   /* USER CODE END EXTI4_15_IRQn 1 */
 169:Core/Src/stm32g0xx_it.c **** }
 240              		.loc 1 169 1
 241 000e C046     		nop
 242 0010 BD46     		mov	sp, r7
ARM GAS  C:\Users\a_hae\AppData\Local\Temp\ccecF1ya.s 			page 8


 243              		@ sp needed
 244 0012 80BD     		pop	{r7, pc}
 245              		.cfi_endproc
 246              	.LFE368:
 248              		.section	.text.TIM6_DAC_LPTIM1_IRQHandler,"ax",%progbits
 249              		.align	1
 250              		.global	TIM6_DAC_LPTIM1_IRQHandler
 251              		.syntax unified
 252              		.code	16
 253              		.thumb_func
 255              	TIM6_DAC_LPTIM1_IRQHandler:
 256              	.LFB369:
 170:Core/Src/stm32g0xx_it.c **** 
 171:Core/Src/stm32g0xx_it.c **** /**
 172:Core/Src/stm32g0xx_it.c ****   * @brief This function handles TIM6, DAC and LPTIM1 global Interrupts.
 173:Core/Src/stm32g0xx_it.c ****   */
 174:Core/Src/stm32g0xx_it.c **** void TIM6_DAC_LPTIM1_IRQHandler(void)
 175:Core/Src/stm32g0xx_it.c **** {
 257              		.loc 1 175 1
 258              		.cfi_startproc
 259              		@ args = 0, pretend = 0, frame = 0
 260              		@ frame_needed = 1, uses_anonymous_args = 0
 261 0000 80B5     		push	{r7, lr}
 262              	.LCFI13:
 263              		.cfi_def_cfa_offset 8
 264              		.cfi_offset 7, -8
 265              		.cfi_offset 14, -4
 266 0002 00AF     		add	r7, sp, #0
 267              	.LCFI14:
 268              		.cfi_def_cfa_register 7
 176:Core/Src/stm32g0xx_it.c ****   /* USER CODE BEGIN TIM6_DAC_LPTIM1_IRQn 0 */
 177:Core/Src/stm32g0xx_it.c **** 
 178:Core/Src/stm32g0xx_it.c ****   /* USER CODE END TIM6_DAC_LPTIM1_IRQn 0 */
 179:Core/Src/stm32g0xx_it.c ****   HAL_TIM_IRQHandler(&htim6);
 269              		.loc 1 179 3
 270 0004 054B     		ldr	r3, .L13
 271 0006 1800     		movs	r0, r3
 272 0008 FFF7FEFF 		bl	HAL_TIM_IRQHandler
 180:Core/Src/stm32g0xx_it.c ****   HAL_DAC_IRQHandler(&hdac1);
 273              		.loc 1 180 3
 274 000c 044B     		ldr	r3, .L13+4
 275 000e 1800     		movs	r0, r3
 276 0010 FFF7FEFF 		bl	HAL_DAC_IRQHandler
 181:Core/Src/stm32g0xx_it.c ****   /* USER CODE BEGIN TIM6_DAC_LPTIM1_IRQn 1 */
 182:Core/Src/stm32g0xx_it.c **** 
 183:Core/Src/stm32g0xx_it.c ****   /* USER CODE END TIM6_DAC_LPTIM1_IRQn 1 */
 184:Core/Src/stm32g0xx_it.c **** }
 277              		.loc 1 184 1
 278 0014 C046     		nop
 279 0016 BD46     		mov	sp, r7
 280              		@ sp needed
 281 0018 80BD     		pop	{r7, pc}
 282              	.L14:
 283 001a C046     		.align	2
 284              	.L13:
 285 001c 00000000 		.word	htim6
 286 0020 00000000 		.word	hdac1
ARM GAS  C:\Users\a_hae\AppData\Local\Temp\ccecF1ya.s 			page 9


 287              		.cfi_endproc
 288              	.LFE369:
 290              		.section	.text.TIM16_FDCAN_IT0_IRQHandler,"ax",%progbits
 291              		.align	1
 292              		.global	TIM16_FDCAN_IT0_IRQHandler
 293              		.syntax unified
 294              		.code	16
 295              		.thumb_func
 297              	TIM16_FDCAN_IT0_IRQHandler:
 298              	.LFB370:
 185:Core/Src/stm32g0xx_it.c **** 
 186:Core/Src/stm32g0xx_it.c **** /**
 187:Core/Src/stm32g0xx_it.c ****   * @brief This function handles TIM16, FDCAN1_IT0 and FDCAN2_IT0 Interrupt.
 188:Core/Src/stm32g0xx_it.c ****   */
 189:Core/Src/stm32g0xx_it.c **** void TIM16_FDCAN_IT0_IRQHandler(void)
 190:Core/Src/stm32g0xx_it.c **** {
 299              		.loc 1 190 1
 300              		.cfi_startproc
 301              		@ args = 0, pretend = 0, frame = 0
 302              		@ frame_needed = 1, uses_anonymous_args = 0
 303 0000 80B5     		push	{r7, lr}
 304              	.LCFI15:
 305              		.cfi_def_cfa_offset 8
 306              		.cfi_offset 7, -8
 307              		.cfi_offset 14, -4
 308 0002 00AF     		add	r7, sp, #0
 309              	.LCFI16:
 310              		.cfi_def_cfa_register 7
 191:Core/Src/stm32g0xx_it.c ****   /* USER CODE BEGIN TIM16_FDCAN_IT0_IRQn 0 */
 192:Core/Src/stm32g0xx_it.c **** 
 193:Core/Src/stm32g0xx_it.c ****   /* USER CODE END TIM16_FDCAN_IT0_IRQn 0 */
 194:Core/Src/stm32g0xx_it.c ****   HAL_FDCAN_IRQHandler(&hfdcan1);
 311              		.loc 1 194 3
 312 0004 034B     		ldr	r3, .L16
 313 0006 1800     		movs	r0, r3
 314 0008 FFF7FEFF 		bl	HAL_FDCAN_IRQHandler
 195:Core/Src/stm32g0xx_it.c ****   /* USER CODE BEGIN TIM16_FDCAN_IT0_IRQn 1 */
 196:Core/Src/stm32g0xx_it.c **** 
 197:Core/Src/stm32g0xx_it.c ****   /* USER CODE END TIM16_FDCAN_IT0_IRQn 1 */
 198:Core/Src/stm32g0xx_it.c **** }
 315              		.loc 1 198 1
 316 000c C046     		nop
 317 000e BD46     		mov	sp, r7
 318              		@ sp needed
 319 0010 80BD     		pop	{r7, pc}
 320              	.L17:
 321 0012 C046     		.align	2
 322              	.L16:
 323 0014 00000000 		.word	hfdcan1
 324              		.cfi_endproc
 325              	.LFE370:
 327              		.section	.text.USART2_LPUART2_IRQHandler,"ax",%progbits
 328              		.align	1
 329              		.global	USART2_LPUART2_IRQHandler
 330              		.syntax unified
 331              		.code	16
 332              		.thumb_func
ARM GAS  C:\Users\a_hae\AppData\Local\Temp\ccecF1ya.s 			page 10


 334              	USART2_LPUART2_IRQHandler:
 335              	.LFB371:
 199:Core/Src/stm32g0xx_it.c **** 
 200:Core/Src/stm32g0xx_it.c **** /**
 201:Core/Src/stm32g0xx_it.c ****   * @brief This function handles USART2 + LPUART2 Interrupt.
 202:Core/Src/stm32g0xx_it.c ****   */
 203:Core/Src/stm32g0xx_it.c **** void USART2_LPUART2_IRQHandler(void)
 204:Core/Src/stm32g0xx_it.c **** {
 336              		.loc 1 204 1
 337              		.cfi_startproc
 338              		@ args = 0, pretend = 0, frame = 0
 339              		@ frame_needed = 1, uses_anonymous_args = 0
 340 0000 80B5     		push	{r7, lr}
 341              	.LCFI17:
 342              		.cfi_def_cfa_offset 8
 343              		.cfi_offset 7, -8
 344              		.cfi_offset 14, -4
 345 0002 00AF     		add	r7, sp, #0
 346              	.LCFI18:
 347              		.cfi_def_cfa_register 7
 205:Core/Src/stm32g0xx_it.c ****   /* USER CODE BEGIN USART2_LPUART2_IRQn 0 */
 206:Core/Src/stm32g0xx_it.c **** 
 207:Core/Src/stm32g0xx_it.c ****   /* USER CODE END USART2_LPUART2_IRQn 0 */
 208:Core/Src/stm32g0xx_it.c ****   HAL_UART_IRQHandler(&huart2);
 348              		.loc 1 208 3
 349 0004 034B     		ldr	r3, .L19
 350 0006 1800     		movs	r0, r3
 351 0008 FFF7FEFF 		bl	HAL_UART_IRQHandler
 209:Core/Src/stm32g0xx_it.c ****   /* USER CODE BEGIN USART2_LPUART2_IRQn 1 */
 210:Core/Src/stm32g0xx_it.c **** 
 211:Core/Src/stm32g0xx_it.c ****   /* USER CODE END USART2_LPUART2_IRQn 1 */
 212:Core/Src/stm32g0xx_it.c **** }
 352              		.loc 1 212 1
 353 000c C046     		nop
 354 000e BD46     		mov	sp, r7
 355              		@ sp needed
 356 0010 80BD     		pop	{r7, pc}
 357              	.L20:
 358 0012 C046     		.align	2
 359              	.L19:
 360 0014 00000000 		.word	huart2
 361              		.cfi_endproc
 362              	.LFE371:
 364              		.text
 365              	.Letext0:
 366              		.file 2 "C:\\ST\\STM32CubeIDE_2.2.0\\STM32CubeIDE\\plugins\\com.st.stm32cube.ide.mcu.externaltools
 367              		.file 3 "C:\\ST\\STM32CubeIDE_2.2.0\\STM32CubeIDE\\plugins\\com.st.stm32cube.ide.mcu.externaltools
 368              		.file 4 "Drivers/CMSIS/Device/ST/STM32G0xx/Include/stm32g0b1xx.h"
 369              		.file 5 "Drivers/CMSIS/Device/ST/STM32G0xx/Include/stm32g0xx.h"
 370              		.file 6 "Drivers/STM32G0xx_HAL_Driver/Inc/stm32g0xx_hal_def.h"
 371              		.file 7 "Drivers/STM32G0xx_HAL_Driver/Inc/stm32g0xx_hal_dma.h"
 372              		.file 8 "Drivers/STM32G0xx_HAL_Driver/Inc/stm32g0xx_hal_dac.h"
 373              		.file 9 "Drivers/STM32G0xx_HAL_Driver/Inc/stm32g0xx_hal_fdcan.h"
 374              		.file 10 "Drivers/STM32G0xx_HAL_Driver/Inc/stm32g0xx_hal_tim.h"
 375              		.file 11 "Drivers/STM32G0xx_HAL_Driver/Inc/stm32g0xx_hal_uart.h"
 376              		.file 12 "Drivers/STM32G0xx_HAL_Driver/Inc/stm32g0xx_hal_gpio.h"
 377              		.file 13 "Core/Inc/config_store.h"
ARM GAS  C:\Users\a_hae\AppData\Local\Temp\ccecF1ya.s 			page 11


 378              		.file 14 "Drivers/STM32G0xx_HAL_Driver/Inc/stm32g0xx_ll_dma.h"
 379              		.file 15 "Drivers/STM32G0xx_HAL_Driver/Inc/stm32g0xx_hal.h"
ARM GAS  C:\Users\a_hae\AppData\Local\Temp\ccecF1ya.s 			page 12


DEFINED SYMBOLS
                            *ABS*:00000000 stm32g0xx_it.c
C:\Users\a_hae\AppData\Local\Temp\ccecF1ya.s:19     .rodata.CHANNEL_OFFSET_TAB:00000000 $d
C:\Users\a_hae\AppData\Local\Temp\ccecF1ya.s:22     .rodata.CHANNEL_OFFSET_TAB:00000000 CHANNEL_OFFSET_TAB
C:\Users\a_hae\AppData\Local\Temp\ccecF1ya.s:25     .text.NMI_Handler:00000000 $t
C:\Users\a_hae\AppData\Local\Temp\ccecF1ya.s:31     .text.NMI_Handler:00000000 NMI_Handler
C:\Users\a_hae\AppData\Local\Temp\ccecF1ya.s:93     .text.NMI_Handler:00000040 $d
C:\Users\a_hae\AppData\Local\Temp\ccecF1ya.s:98     .text.HardFault_Handler:00000000 $t
C:\Users\a_hae\AppData\Local\Temp\ccecF1ya.s:104    .text.HardFault_Handler:00000000 HardFault_Handler
C:\Users\a_hae\AppData\Local\Temp\ccecF1ya.s:126    .text.SVC_Handler:00000000 $t
C:\Users\a_hae\AppData\Local\Temp\ccecF1ya.s:132    .text.SVC_Handler:00000000 SVC_Handler
C:\Users\a_hae\AppData\Local\Temp\ccecF1ya.s:155    .text.PendSV_Handler:00000000 $t
C:\Users\a_hae\AppData\Local\Temp\ccecF1ya.s:161    .text.PendSV_Handler:00000000 PendSV_Handler
C:\Users\a_hae\AppData\Local\Temp\ccecF1ya.s:184    .text.SysTick_Handler:00000000 $t
C:\Users\a_hae\AppData\Local\Temp\ccecF1ya.s:190    .text.SysTick_Handler:00000000 SysTick_Handler
C:\Users\a_hae\AppData\Local\Temp\ccecF1ya.s:215    .text.EXTI4_15_IRQHandler:00000000 $t
C:\Users\a_hae\AppData\Local\Temp\ccecF1ya.s:221    .text.EXTI4_15_IRQHandler:00000000 EXTI4_15_IRQHandler
C:\Users\a_hae\AppData\Local\Temp\ccecF1ya.s:249    .text.TIM6_DAC_LPTIM1_IRQHandler:00000000 $t
C:\Users\a_hae\AppData\Local\Temp\ccecF1ya.s:255    .text.TIM6_DAC_LPTIM1_IRQHandler:00000000 TIM6_DAC_LPTIM1_IRQHandler
C:\Users\a_hae\AppData\Local\Temp\ccecF1ya.s:285    .text.TIM6_DAC_LPTIM1_IRQHandler:0000001c $d
C:\Users\a_hae\AppData\Local\Temp\ccecF1ya.s:291    .text.TIM16_FDCAN_IT0_IRQHandler:00000000 $t
C:\Users\a_hae\AppData\Local\Temp\ccecF1ya.s:297    .text.TIM16_FDCAN_IT0_IRQHandler:00000000 TIM16_FDCAN_IT0_IRQHandler
C:\Users\a_hae\AppData\Local\Temp\ccecF1ya.s:323    .text.TIM16_FDCAN_IT0_IRQHandler:00000014 $d
C:\Users\a_hae\AppData\Local\Temp\ccecF1ya.s:328    .text.USART2_LPUART2_IRQHandler:00000000 $t
C:\Users\a_hae\AppData\Local\Temp\ccecF1ya.s:334    .text.USART2_LPUART2_IRQHandler:00000000 USART2_LPUART2_IRQHandler
C:\Users\a_hae\AppData\Local\Temp\ccecF1ya.s:360    .text.USART2_LPUART2_IRQHandler:00000014 $d

UNDEFINED SYMBOLS
config_nmi_recover
HAL_IncTick
HAL_GPIO_EXTI_IRQHandler
HAL_TIM_IRQHandler
HAL_DAC_IRQHandler
htim6
hdac1
HAL_FDCAN_IRQHandler
hfdcan1
HAL_UART_IRQHandler
huart2
