ARM GAS  C:\Users\a_hae\AppData\Local\Temp\ccu8qVvb.s 			page 1


   1              		.cpu cortex-m0plus
   2              		.arch armv6s-m
   3              		.fpu softvfp
   4              		.eabi_attribute 20, 1
   5              		.eabi_attribute 21, 1
   6              		.eabi_attribute 23, 3
   7              		.eabi_attribute 24, 1
   8              		.eabi_attribute 25, 1
   9              		.eabi_attribute 26, 1
  10              		.eabi_attribute 30, 6
  11              		.eabi_attribute 34, 0
  12              		.eabi_attribute 18, 4
  13              		.file	"sensor_pdms.c"
  14              		.text
  15              	.Ltext0:
  16              		.cfi_sections	.debug_frame
  17              		.file 1 "Core/Src/sensor_pdms.c"
  18              		.section	.rodata.CHANNEL_OFFSET_TAB,"a"
  19              		.align	2
  22              	CHANNEL_OFFSET_TAB:
  23 0000 081C3044 		.ascii	"\010\0340DXl\200"
  23      586C80
  24              		.section	.text.sensor_raw_to_ubar,"ax",%progbits
  25              		.align	1
  26              		.syntax unified
  27              		.code	16
  28              		.thumb_func
  30              	sensor_raw_to_ubar:
  31              	.LFB363:
  32              		.file 2 "Core/Inc/sensor_scale.h"
   1:Core/Inc/sensor_scale.h **** /*
   2:Core/Inc/sensor_scale.h ****  * sensor_scale.h
   3:Core/Inc/sensor_scale.h ****  *
   4:Core/Inc/sensor_scale.h ****  * Umrechnung Rohwert -> physikalische Groesse, getrennt vom I2C-Zugriff.
   5:Core/Inc/sensor_scale.h ****  * Bewusst frei von HAL-Abhaengigkeiten, damit die Skalierung auf dem PC
   6:Core/Inc/sensor_scale.h ****  * getestet werden kann (tests/test_sensor_conv.c). Die messbereichs-
   7:Core/Inc/sensor_scale.h ****  * abhaengigen Zahlen kommen aus der Variante (sensor_cfg.h).
   8:Core/Inc/sensor_scale.h ****  *
   9:Core/Inc/sensor_scale.h ****  * Einheiten wie bisher:
  10:Core/Inc/sensor_scale.h ****  *   Druck       in uBar     (1 uBar = 0,1 Pa)
  11:Core/Inc/sensor_scale.h ****  *   Temperatur  in 0,01 Grad C
  12:Core/Inc/sensor_scale.h ****  *
  13:Core/Inc/sensor_scale.h ****  * Alles in Ganzzahlarithmetik - der Cortex-M0+ hat keine FPU, jede
  14:Core/Inc/sensor_scale.h ****  * Fliesskommarechnung zoege die Soft-Float-Bibliothek in den Flash.
  15:Core/Inc/sensor_scale.h ****  */
  16:Core/Inc/sensor_scale.h **** #ifndef INC_SENSOR_SCALE_H_
  17:Core/Inc/sensor_scale.h **** #define INC_SENSOR_SCALE_H_
  18:Core/Inc/sensor_scale.h **** 
  19:Core/Inc/sensor_scale.h **** #include <stdint.h>
  20:Core/Inc/sensor_scale.h **** #include "sensor_cfg.h"
  21:Core/Inc/sensor_scale.h **** 
  22:Core/Inc/sensor_scale.h **** #if SENSOR_KIND == SENSOR_KIND_PDMS
  23:Core/Inc/sensor_scale.h **** 
  24:Core/Inc/sensor_scale.h **** /* --- Wuerth WSEN-PDMS -------------------------------------------------
  25:Core/Inc/sensor_scale.h ****  *
  26:Core/Inc/sensor_scale.h ****  * Handbuch (UM_WSEN-PDMS, rev 1.0), bidirektionale Typen (+/-1, +/-10,
  27:Core/Inc/sensor_scale.h ****  * +/-35 kPa):
ARM GAS  C:\Users\a_hae\AppData\Local\Temp\ccu8qVvb.s 			page 2


  28:Core/Inc/sensor_scale.h ****  *
  29:Core/Inc/sensor_scale.h ****  *   Druck [kPa]      = (P16 - OUTP_MIN) * SENP + PMIN
  30:Core/Inc/sensor_scale.h ****  *   Temperatur [GrdC]= (T16 - OUTT_MIN) * SENT
  31:Core/Inc/sensor_scale.h ****  *
  32:Core/Inc/sensor_scale.h ****  * mit OUTP_MIN = 3277, OUTP_MAX = 29491, OUTT_MIN = 8192 und
  33:Core/Inc/sensor_scale.h ****  * SENT = 4,272e-3 GrdC/digit.
  34:Core/Inc/sensor_scale.h ****  *
  35:Core/Inc/sensor_scale.h ****  * Wir rechnen die Druckformel um die Bereichsmitte herum, weil das
  36:Core/Inc/sensor_scale.h ****  * Ergebnis identisch ist, aber ohne 64-Bit-Multiplikation auskommt:
  37:Core/Inc/sensor_scale.h ****  *
  38:Core/Inc/sensor_scale.h ****  *   Mitte  = (OUTP_MIN + OUTP_MAX) / 2 = 16384  -> 0 kPa
  39:Core/Inc/sensor_scale.h ****  *   Halbe Spanne = (OUTP_MAX - OUTP_MIN) / 2 = 13107
  40:Core/Inc/sensor_scale.h ****  *   Druck [uBar] = (P16 - 16384) * FS_UBAR / 13107
  41:Core/Inc/sensor_scale.h ****  *
  42:Core/Inc/sensor_scale.h ****  * Probe: P16 = 3277 -> -FS_UBAR, P16 = 29491 -> +FS_UBAR.
  43:Core/Inc/sensor_scale.h ****  * Die direkte Form (P16 - 3277) * 2*FS_UBAR / 26214 wuerde beim
  44:Core/Inc/sensor_scale.h ****  * +/-10-kPa-Typ mit 26214 * 200000 = 5,2e9 den int32 sprengen.
  45:Core/Inc/sensor_scale.h ****  */
  46:Core/Inc/sensor_scale.h **** #define SENSOR_OUT_MIN        3277
  47:Core/Inc/sensor_scale.h **** #define SENSOR_OUT_MAX        29491
  48:Core/Inc/sensor_scale.h **** #define SENSOR_OUT_MID        16384      /* Rohwert bei 0 kPa            */
  49:Core/Inc/sensor_scale.h **** #define SENSOR_OUT_HALFSPAN   13107      /* Rohwerte je Richtung         */
  50:Core/Inc/sensor_scale.h **** #define SENSOR_OUTT_MIN       8192       /* Rohwert bei 0 Grad C         */
  51:Core/Inc/sensor_scale.h **** 
  52:Core/Inc/sensor_scale.h **** /* Rohwert -> Druck in uBar. Der Rohwert wird auf den gueltigen Bereich
  53:Core/Inc/sensor_scale.h ****  * begrenzt: das haelt die Multiplikation im int32 und liefert bei
  54:Core/Inc/sensor_scale.h ****  * Ueberlast einen sauber gesaettigten Wert statt eines Ueberlaufs. */
  55:Core/Inc/sensor_scale.h **** static inline int32_t sensor_raw_to_ubar(uint16_t p16)
  56:Core/Inc/sensor_scale.h **** {
  33              		.loc 2 56 1
  34              		.cfi_startproc
  35              		@ args = 0, pretend = 0, frame = 16
  36              		@ frame_needed = 1, uses_anonymous_args = 0
  37 0000 80B5     		push	{r7, lr}
  38              	.LCFI0:
  39              		.cfi_def_cfa_offset 8
  40              		.cfi_offset 7, -8
  41              		.cfi_offset 14, -4
  42 0002 84B0     		sub	sp, sp, #16
  43              	.LCFI1:
  44              		.cfi_def_cfa_offset 24
  45 0004 00AF     		add	r7, sp, #0
  46              	.LCFI2:
  47              		.cfi_def_cfa_register 7
  48 0006 0200     		movs	r2, r0
  49 0008 BB1D     		adds	r3, r7, #6
  50 000a 1A80     		strh	r2, [r3]
  57:Core/Inc/sensor_scale.h **** 	int32_t p = (int32_t)p16;
  51              		.loc 2 57 10
  52 000c BB1D     		adds	r3, r7, #6
  53 000e 1B88     		ldrh	r3, [r3]
  54 0010 FB60     		str	r3, [r7, #12]
  58:Core/Inc/sensor_scale.h **** 
  59:Core/Inc/sensor_scale.h **** 	if (p < SENSOR_OUT_MIN)
  55              		.loc 2 59 5
  56 0012 FB68     		ldr	r3, [r7, #12]
  57 0014 0D4A     		ldr	r2, .L5
ARM GAS  C:\Users\a_hae\AppData\Local\Temp\ccu8qVvb.s 			page 3


  58 0016 9342     		cmp	r3, r2
  59 0018 02DC     		bgt	.L2
  60:Core/Inc/sensor_scale.h **** 	{
  61:Core/Inc/sensor_scale.h **** 		p = SENSOR_OUT_MIN;
  60              		.loc 2 61 5
  61 001a 0D4B     		ldr	r3, .L5+4
  62 001c FB60     		str	r3, [r7, #12]
  63 001e 05E0     		b	.L3
  64              	.L2:
  62:Core/Inc/sensor_scale.h **** 	}
  63:Core/Inc/sensor_scale.h **** 	else if (p > SENSOR_OUT_MAX)
  65              		.loc 2 63 10
  66 0020 FB68     		ldr	r3, [r7, #12]
  67 0022 0C4A     		ldr	r2, .L5+8
  68 0024 9342     		cmp	r3, r2
  69 0026 01DD     		ble	.L3
  64:Core/Inc/sensor_scale.h **** 	{
  65:Core/Inc/sensor_scale.h **** 		p = SENSOR_OUT_MAX;
  70              		.loc 2 65 5
  71 0028 0A4B     		ldr	r3, .L5+8
  72 002a FB60     		str	r3, [r7, #12]
  73              	.L3:
  66:Core/Inc/sensor_scale.h **** 	}
  67:Core/Inc/sensor_scale.h **** 
  68:Core/Inc/sensor_scale.h **** 	return ((p - SENSOR_OUT_MID) * SENSOR_FS_UBAR) / SENSOR_OUT_HALFSPAN;
  74              		.loc 2 68 13
  75 002c FB68     		ldr	r3, [r7, #12]
  76 002e 0A4A     		ldr	r2, .L5+12
  77 0030 9446     		mov	ip, r2
  78 0032 6344     		add	r3, r3, ip
  79              		.loc 2 68 31
  80 0034 094A     		ldr	r2, .L5+16
  81 0036 5343     		muls	r3, r2
  82              		.loc 2 68 49
  83 0038 0949     		ldr	r1, .L5+20
  84 003a 1800     		movs	r0, r3
  85 003c FFF7FEFF 		bl	__aeabi_idiv
  86 0040 0300     		movs	r3, r0
  69:Core/Inc/sensor_scale.h **** }
  87              		.loc 2 69 1
  88 0042 1800     		movs	r0, r3
  89 0044 BD46     		mov	sp, r7
  90 0046 04B0     		add	sp, sp, #16
  91              		@ sp needed
  92 0048 80BD     		pop	{r7, pc}
  93              	.L6:
  94 004a C046     		.align	2
  95              	.L5:
  96 004c CC0C0000 		.word	3276
  97 0050 CD0C0000 		.word	3277
  98 0054 33730000 		.word	29491
  99 0058 00C0FFFF 		.word	-16384
 100 005c A0860100 		.word	100000
 101 0060 33330000 		.word	13107
 102              		.cfi_endproc
 103              	.LFE363:
 105              		.section	.text.sensor_raw_to_temp,"ax",%progbits
ARM GAS  C:\Users\a_hae\AppData\Local\Temp\ccu8qVvb.s 			page 4


 106              		.align	1
 107              		.syntax unified
 108              		.code	16
 109              		.thumb_func
 111              	sensor_raw_to_temp:
 112              	.LFB365:
  70:Core/Inc/sensor_scale.h **** 
  71:Core/Inc/sensor_scale.h **** /* 1, wenn der Rohwert ausserhalb des spezifizierten Bereichs lag (der
  72:Core/Inc/sensor_scale.h ****  * Messwert ist dann gesaettigt und nicht mehr vertrauenswuerdig). */
  73:Core/Inc/sensor_scale.h **** static inline uint8_t sensor_raw_saturated(uint16_t p16)
  74:Core/Inc/sensor_scale.h **** {
  75:Core/Inc/sensor_scale.h **** 	return (uint8_t)((p16 < SENSOR_OUT_MIN) || (p16 > SENSOR_OUT_MAX));
  76:Core/Inc/sensor_scale.h **** }
  77:Core/Inc/sensor_scale.h **** 
  78:Core/Inc/sensor_scale.h **** /* Rohwert -> Temperatur in 0,01 Grad C.
  79:Core/Inc/sensor_scale.h ****  * SENT = 4,272e-3 GrdC/digit -> in 0,01 GrdC: * 0,4272 = * 267/625
  80:Core/Inc/sensor_scale.h ****  * (der Bruch ist exakt, 4272/10000 gekuerzt).
  81:Core/Inc/sensor_scale.h ****  * Probe: T16 = 24576 -> 6999, also 69,99 GrdC (Datenblatt: 70 GrdC). */
  82:Core/Inc/sensor_scale.h **** static inline int16_t sensor_raw_to_temp(uint16_t t16)
  83:Core/Inc/sensor_scale.h **** {
 113              		.loc 2 83 1
 114              		.cfi_startproc
 115              		@ args = 0, pretend = 0, frame = 8
 116              		@ frame_needed = 1, uses_anonymous_args = 0
 117 0000 80B5     		push	{r7, lr}
 118              	.LCFI3:
 119              		.cfi_def_cfa_offset 8
 120              		.cfi_offset 7, -8
 121              		.cfi_offset 14, -4
 122 0002 82B0     		sub	sp, sp, #8
 123              	.LCFI4:
 124              		.cfi_def_cfa_offset 16
 125 0004 00AF     		add	r7, sp, #0
 126              	.LCFI5:
 127              		.cfi_def_cfa_register 7
 128 0006 0200     		movs	r2, r0
 129 0008 BB1D     		adds	r3, r7, #6
 130 000a 1A80     		strh	r2, [r3]
  84:Core/Inc/sensor_scale.h **** 	return (int16_t)((((int32_t)t16 - SENSOR_OUTT_MIN) * 267) / 625);
 131              		.loc 2 84 21
 132 000c BB1D     		adds	r3, r7, #6
 133 000e 1B88     		ldrh	r3, [r3]
 134              		.loc 2 84 34
 135 0010 094A     		ldr	r2, .L9
 136 0012 9A18     		adds	r2, r3, r2
 137              		.loc 2 84 53
 138 0014 1300     		movs	r3, r2
 139 0016 5B01     		lsls	r3, r3, #5
 140 0018 9B18     		adds	r3, r3, r2
 141 001a 9B00     		lsls	r3, r3, #2
 142 001c 9B18     		adds	r3, r3, r2
 143 001e 5B00     		lsls	r3, r3, #1
 144 0020 9B18     		adds	r3, r3, r2
 145              		.loc 2 84 60
 146 0022 0649     		ldr	r1, .L9+4
 147 0024 1800     		movs	r0, r3
 148 0026 FFF7FEFF 		bl	__aeabi_idiv
ARM GAS  C:\Users\a_hae\AppData\Local\Temp\ccu8qVvb.s 			page 5


 149 002a 0300     		movs	r3, r0
 150              		.loc 2 84 9
 151 002c 1BB2     		sxth	r3, r3
  85:Core/Inc/sensor_scale.h **** }
 152              		.loc 2 85 1
 153 002e 1800     		movs	r0, r3
 154 0030 BD46     		mov	sp, r7
 155 0032 02B0     		add	sp, sp, #8
 156              		@ sp needed
 157 0034 80BD     		pop	{r7, pc}
 158              	.L10:
 159 0036 C046     		.align	2
 160              	.L9:
 161 0038 00E0FFFF 		.word	-8192
 162 003c 71020000 		.word	625
 163              		.cfi_endproc
 164              	.LFE365:
 166              		.section	.text.read_reg16,"ax",%progbits
 167              		.align	1
 168              		.syntax unified
 169              		.code	16
 170              		.thumb_func
 172              	read_reg16:
 173              	.LFB366:
   1:Core/Src/sensor_pdms.c **** /*
   2:Core/Src/sensor_pdms.c ****  * sensor_pdms.c
   3:Core/Src/sensor_pdms.c ****  *
   4:Core/Src/sensor_pdms.c ****  * Einlesen des Wuerth WSEN-PDMS (2513130810x05) ueber I2C.
   5:Core/Src/sensor_pdms.c ****  * Wird bei HW_VARIANT=1001 (+/-10 kPa) und HW_VARIANT=1003 (+/-1 kPa)
   6:Core/Src/sensor_pdms.c ****  * mitkompiliert; der Unterschied steckt allein in SENSOR_FS_UBAR aus
   7:Core/Src/sensor_pdms.c ****  * sensor_cfg.h - der Sensor selbst verhaelt sich identisch.
   8:Core/Src/sensor_pdms.c ****  *
   9:Core/Src/sensor_pdms.c ****  * Anders als der alte Sensor laeuft dieser frei: er misst von sich aus
  10:Core/Src/sensor_pdms.c ****  * alle 2,4 ms und legt das Ergebnis in DSP_P/DSP_T ab. Es gibt also
  11:Core/Src/sensor_pdms.c ****  * keine Trigger-Sequenz, wir lesen einfach den aktuellen Stand.
  12:Core/Src/sensor_pdms.c ****  *
  13:Core/Src/sensor_pdms.c ****  * Quelle: UM_WSEN-PDMS_25131308xxx05 (rev 1.0).
  14:Core/Src/sensor_pdms.c ****  */
  15:Core/Src/sensor_pdms.c **** #include "main.h"
  16:Core/Src/sensor_pdms.c **** #include "sensor.h"
  17:Core/Src/sensor_pdms.c **** #include "sensor_scale.h"
  18:Core/Src/sensor_pdms.c **** 
  19:Core/Src/sensor_pdms.c **** /* Wie sensor_legacy.c: der gesamte Inhalt haengt an der Variante, damit
  20:Core/Src/sensor_pdms.c ****  * die CubeIDE beide Treiberdateien uebersetzen kann, ohne dass doppelte
  21:Core/Src/sensor_pdms.c ****  * Symbole entstehen. */
  22:Core/Src/sensor_pdms.c **** #if SENSOR_KIND == SENSOR_KIND_PDMS
  23:Core/Src/sensor_pdms.c **** 
  24:Core/Src/sensor_pdms.c **** /* CubeMX-Handles und App-Zustand - definiert in main.c. */
  25:Core/Src/sensor_pdms.c **** extern I2C_HandleTypeDef hi2c1;
  26:Core/Src/sensor_pdms.c **** extern volatile uint8_t error_mode;
  27:Core/Src/sensor_pdms.c **** extern calib_data EEPROM_values;
  28:Core/Src/sensor_pdms.c **** 
  29:Core/Src/sensor_pdms.c **** #define SENSOR_ADDR8            (SENSOR_I2C_ADDR7 << 1)
  30:Core/Src/sensor_pdms.c **** 
  31:Core/Src/sensor_pdms.c **** /* Registeradressen laut Handbuch. */
  32:Core/Src/sensor_pdms.c **** #define PDMS_REG_CMD            0x22
  33:Core/Src/sensor_pdms.c **** #define PDMS_REG_DSP_T          0x2E    /* Temperatur, 16 Bit */
ARM GAS  C:\Users\a_hae\AppData\Local\Temp\ccu8qVvb.s 			page 6


  34:Core/Src/sensor_pdms.c **** #define PDMS_REG_DSP_P          0x30    /* Druck, 16 Bit      */
  35:Core/Src/sensor_pdms.c **** #define PDMS_REG_STATUS_SYNC    0x32    /* Status, 16 Bit     */
  36:Core/Src/sensor_pdms.c **** 
  37:Core/Src/sensor_pdms.c **** /* Bits in STATUS_SYNC. */
  38:Core/Src/sensor_pdms.c **** #define PDMS_STAT_IDLE          (1U << 0)
  39:Core/Src/sensor_pdms.c **** #define PDMS_STAT_P_UP          (1U << 3)   /* neuer Druckwert verfuegbar */
  40:Core/Src/sensor_pdms.c **** #define PDMS_STAT_T_UP          (1U << 4)   /* neuer Temperaturwert       */
  41:Core/Src/sensor_pdms.c **** #define PDMS_STAT_CRC_ERR       (1U << 11)
  42:Core/Src/sensor_pdms.c **** #define PDMS_STAT_P_MISS        (1U << 14)
  43:Core/Src/sensor_pdms.c **** #define PDMS_STAT_T_MISS        (1U << 15)
  44:Core/Src/sensor_pdms.c **** 
  45:Core/Src/sensor_pdms.c **** #define PDMS_TIMEOUT_MS         25
  46:Core/Src/sensor_pdms.c **** 
  47:Core/Src/sensor_pdms.c **** /*
  48:Core/Src/sensor_pdms.c ****  * Byte-Reihenfolge: das Handbuch widerspricht sich - an einer Stelle
  49:Core/Src/sensor_pdms.c ****  * heisst es, das niederwertige Byte komme zuerst, an anderer, innerhalb
  50:Core/Src/sensor_pdms.c ****  * eines 16-Bit-Worts werde MSB zuerst uebertragen.
  51:Core/Src/sensor_pdms.c ****  *
  52:Core/Src/sensor_pdms.c ****  * Am Aufbau geklaert (V2-Board, Juli 2026): der Sensor sendet das
  53:Core/Src/sensor_pdms.c ****  * NIEDERWERTIGE Byte zuerst. Mit MSB-first gelesen zeigte die Firmware
  54:Core/Src/sensor_pdms.c ****  * 210,19 Grad C (t16 = 0xE032) bei tatsaechlich 20,64 Grad C
  55:Core/Src/sensor_pdms.c ****  * (t16 = 0x32E0), und der Druck stand stabil auf plus Vollausschlag
  56:Core/Src/sensor_pdms.c ****  * (L = 99,9 % bei beiden offenen Ports), weil das echte High-Byte
  57:Core/Src/sensor_pdms.c ****  * konstant 0x40 ist und der vertauschte Wert damit ueber
  58:Core/Src/sensor_pdms.c ****  * SENSOR_OUT_MAX klemmt.
  59:Core/Src/sensor_pdms.c ****  *
  60:Core/Src/sensor_pdms.c ****  * Erkennungsmerkmal, falls das je wieder auftritt: die Temperatur
  61:Core/Src/sensor_pdms.c ****  * schwankt um rund 25 Grad C, sobald sich die echte Temperatur um
  62:Core/Src/sensor_pdms.c ****  * 0,1 Grad C aendert - das vertauschte Byte wirkt mit Faktor 256.
  63:Core/Src/sensor_pdms.c ****  */
  64:Core/Src/sensor_pdms.c **** #define SENSOR_PDMS_MSB_FIRST   0
  65:Core/Src/sensor_pdms.c **** 
  66:Core/Src/sensor_pdms.c **** /* Ein 16-Bit-Register lesen. Rueckgabe 1 = ok, 0 = I2C-Fehler. */
  67:Core/Src/sensor_pdms.c **** static uint8_t read_reg16(uint8_t reg, uint16_t *out)
  68:Core/Src/sensor_pdms.c **** {
 174              		.loc 1 68 1
 175              		.cfi_startproc
 176              		@ args = 0, pretend = 0, frame = 16
 177              		@ frame_needed = 1, uses_anonymous_args = 0
 178 0000 80B5     		push	{r7, lr}
 179              	.LCFI6:
 180              		.cfi_def_cfa_offset 8
 181              		.cfi_offset 7, -8
 182              		.cfi_offset 14, -4
 183 0002 86B0     		sub	sp, sp, #24
 184              	.LCFI7:
 185              		.cfi_def_cfa_offset 32
 186 0004 02AF     		add	r7, sp, #8
 187              	.LCFI8:
 188              		.cfi_def_cfa 7, 24
 189 0006 0200     		movs	r2, r0
 190 0008 3960     		str	r1, [r7]
 191 000a FB1D     		adds	r3, r7, #7
 192 000c 1A70     		strb	r2, [r3]
  69:Core/Src/sensor_pdms.c **** 	uint8_t rx[2] = {0, 0};
 193              		.loc 1 69 10
 194 000e 0C23     		movs	r3, #12
ARM GAS  C:\Users\a_hae\AppData\Local\Temp\ccu8qVvb.s 			page 7


 195 0010 FB18     		adds	r3, r7, r3
 196 0012 0022     		movs	r2, #0
 197 0014 1A80     		strh	r2, [r3]
  70:Core/Src/sensor_pdms.c **** 
  71:Core/Src/sensor_pdms.c **** 	if (HAL_I2C_Master_Transmit(&hi2c1, SENSOR_ADDR8, &reg, 1, PDMS_TIMEOUT_MS) != HAL_OK)
 198              		.loc 1 71 6
 199 0016 FA1D     		adds	r2, r7, #7
 200 0018 1548     		ldr	r0, .L16
 201 001a 1923     		movs	r3, #25
 202 001c 0093     		str	r3, [sp]
 203 001e 0123     		movs	r3, #1
 204 0020 D821     		movs	r1, #216
 205 0022 FFF7FEFF 		bl	HAL_I2C_Master_Transmit
 206 0026 031E     		subs	r3, r0, #0
 207              		.loc 1 71 5 discriminator 1
 208 0028 01D0     		beq	.L12
  72:Core/Src/sensor_pdms.c **** 	{
  73:Core/Src/sensor_pdms.c **** 		return 0;
 209              		.loc 1 73 10
 210 002a 0023     		movs	r3, #0
 211 002c 1BE0     		b	.L15
 212              	.L12:
  74:Core/Src/sensor_pdms.c **** 	}
  75:Core/Src/sensor_pdms.c **** 	if (HAL_I2C_Master_Receive(&hi2c1, SENSOR_ADDR8, rx, 2, PDMS_TIMEOUT_MS) != HAL_OK)
 213              		.loc 1 75 6
 214 002e 0C23     		movs	r3, #12
 215 0030 FA18     		adds	r2, r7, r3
 216 0032 0F48     		ldr	r0, .L16
 217 0034 1923     		movs	r3, #25
 218 0036 0093     		str	r3, [sp]
 219 0038 0223     		movs	r3, #2
 220 003a D821     		movs	r1, #216
 221 003c FFF7FEFF 		bl	HAL_I2C_Master_Receive
 222 0040 031E     		subs	r3, r0, #0
 223              		.loc 1 75 5 discriminator 1
 224 0042 01D0     		beq	.L14
  76:Core/Src/sensor_pdms.c **** 	{
  77:Core/Src/sensor_pdms.c **** 		return 0;
 225              		.loc 1 77 10
 226 0044 0023     		movs	r3, #0
 227 0046 0EE0     		b	.L15
 228              	.L14:
  78:Core/Src/sensor_pdms.c **** 	}
  79:Core/Src/sensor_pdms.c **** 
  80:Core/Src/sensor_pdms.c **** #if SENSOR_PDMS_MSB_FIRST
  81:Core/Src/sensor_pdms.c **** 	*out = ((uint16_t)rx[0] << 8) | (uint16_t)rx[1];
  82:Core/Src/sensor_pdms.c **** #else
  83:Core/Src/sensor_pdms.c **** 	*out = ((uint16_t)rx[1] << 8) | (uint16_t)rx[0];
 229              		.loc 1 83 22
 230 0048 0C21     		movs	r1, #12
 231 004a 7B18     		adds	r3, r7, r1
 232 004c 5B78     		ldrb	r3, [r3, #1]
 233              		.loc 1 83 32
 234 004e 1BB2     		sxth	r3, r3
 235 0050 1B02     		lsls	r3, r3, #8
 236 0052 1AB2     		sxth	r2, r3
 237              		.loc 1 83 46
ARM GAS  C:\Users\a_hae\AppData\Local\Temp\ccu8qVvb.s 			page 8


 238 0054 7B18     		adds	r3, r7, r1
 239 0056 1B78     		ldrb	r3, [r3]
 240 0058 1BB2     		sxth	r3, r3
 241              		.loc 1 83 32
 242 005a 1343     		orrs	r3, r2
 243 005c 1BB2     		sxth	r3, r3
 244 005e 9AB2     		uxth	r2, r3
 245              		.loc 1 83 7
 246 0060 3B68     		ldr	r3, [r7]
 247 0062 1A80     		strh	r2, [r3]
  84:Core/Src/sensor_pdms.c **** #endif
  85:Core/Src/sensor_pdms.c **** 
  86:Core/Src/sensor_pdms.c **** 	return 1;
 248              		.loc 1 86 9
 249 0064 0123     		movs	r3, #1
 250              	.L15:
  87:Core/Src/sensor_pdms.c **** }
 251              		.loc 1 87 1
 252 0066 1800     		movs	r0, r3
 253 0068 BD46     		mov	sp, r7
 254 006a 04B0     		add	sp, sp, #16
 255              		@ sp needed
 256 006c 80BD     		pop	{r7, pc}
 257              	.L17:
 258 006e C046     		.align	2
 259              	.L16:
 260 0070 00000000 		.word	hi2c1
 261              		.cfi_endproc
 262              	.LFE366:
 264              		.section	.text.init_Sensor,"ax",%progbits
 265              		.align	1
 266              		.global	init_Sensor
 267              		.syntax unified
 268              		.code	16
 269              		.thumb_func
 271              	init_Sensor:
 272              	.LFB367:
  88:Core/Src/sensor_pdms.c **** 
  89:Core/Src/sensor_pdms.c **** void init_Sensor(void)
  90:Core/Src/sensor_pdms.c **** {
 273              		.loc 1 90 1
 274              		.cfi_startproc
 275              		@ args = 0, pretend = 0, frame = 8
 276              		@ frame_needed = 1, uses_anonymous_args = 0
 277 0000 80B5     		push	{r7, lr}
 278              	.LCFI9:
 279              		.cfi_def_cfa_offset 8
 280              		.cfi_offset 7, -8
 281              		.cfi_offset 14, -4
 282 0002 82B0     		sub	sp, sp, #8
 283              	.LCFI10:
 284              		.cfi_def_cfa_offset 16
 285 0004 00AF     		add	r7, sp, #0
 286              	.LCFI11:
 287              		.cfi_def_cfa_register 7
  91:Core/Src/sensor_pdms.c **** 	uint16_t status = 0;
 288              		.loc 1 91 11
ARM GAS  C:\Users\a_hae\AppData\Local\Temp\ccu8qVvb.s 			page 9


 289 0006 3B1D     		adds	r3, r7, #4
 290 0008 0022     		movs	r2, #0
 291 000a 1A80     		strh	r2, [r3]
  92:Core/Src/sensor_pdms.c **** 	uint8_t retries = 0;
 292              		.loc 1 92 10
 293 000c FB1D     		adds	r3, r7, #7
 294 000e 0022     		movs	r2, #0
 295 0010 1A70     		strb	r2, [r3]
  93:Core/Src/sensor_pdms.c **** 
  94:Core/Src/sensor_pdms.c **** 	/* Kein Startkommando noetig - der Sensor misst nach dem Anlegen der
  95:Core/Src/sensor_pdms.c **** 	 * Versorgung selbstaendig weiter. Wir pruefen nur, ob er antwortet,
  96:Core/Src/sensor_pdms.c **** 	 * und warten kurz auf den ersten gueltigen Messwert (2,4 ms Zyklus,
  97:Core/Src/sensor_pdms.c **** 	 * dazu Reserve fuer den Anlauf). */
  98:Core/Src/sensor_pdms.c **** 	if (HAL_I2C_IsDeviceReady(&hi2c1, SENSOR_ADDR8, 3, PDMS_TIMEOUT_MS) != HAL_OK)
 296              		.loc 1 98 6
 297 0012 1B48     		ldr	r0, .L27
 298 0014 1923     		movs	r3, #25
 299 0016 0322     		movs	r2, #3
 300 0018 D821     		movs	r1, #216
 301 001a FFF7FEFF 		bl	HAL_I2C_IsDeviceReady
 302 001e 031E     		subs	r3, r0, #0
 303              		.loc 1 98 5 discriminator 1
 304 0020 21D0     		beq	.L21
  99:Core/Src/sensor_pdms.c **** 	{
 100:Core/Src/sensor_pdms.c **** 		error_mode |= ERROR_I2C;
 305              		.loc 1 100 14
 306 0022 184B     		ldr	r3, .L27+4
 307 0024 1B78     		ldrb	r3, [r3]
 308 0026 DBB2     		uxtb	r3, r3
 309 0028 0222     		movs	r2, #2
 310 002a 1343     		orrs	r3, r2
 311 002c DAB2     		uxtb	r2, r3
 312 002e 154B     		ldr	r3, .L27+4
 313 0030 1A70     		strb	r2, [r3]
 101:Core/Src/sensor_pdms.c **** 		return;
 314              		.loc 1 101 3
 315 0032 21E0     		b	.L18
 316              	.L24:
 102:Core/Src/sensor_pdms.c **** 	}
 103:Core/Src/sensor_pdms.c **** 
 104:Core/Src/sensor_pdms.c **** 	while (retries++ < 20)
 105:Core/Src/sensor_pdms.c **** 	{
 106:Core/Src/sensor_pdms.c **** 		if (read_reg16(PDMS_REG_STATUS_SYNC, &status) == 0)
 317              		.loc 1 106 7
 318 0034 3B1D     		adds	r3, r7, #4
 319 0036 1900     		movs	r1, r3
 320 0038 3220     		movs	r0, #50
 321 003a FFF7FEFF 		bl	read_reg16
 322 003e 031E     		subs	r3, r0, #0
 323              		.loc 1 106 6 discriminator 1
 324 0040 08D1     		bne	.L22
 107:Core/Src/sensor_pdms.c **** 		{
 108:Core/Src/sensor_pdms.c **** 			error_mode |= ERROR_I2C;
 325              		.loc 1 108 15
 326 0042 104B     		ldr	r3, .L27+4
 327 0044 1B78     		ldrb	r3, [r3]
 328 0046 DBB2     		uxtb	r3, r3
ARM GAS  C:\Users\a_hae\AppData\Local\Temp\ccu8qVvb.s 			page 10


 329 0048 0222     		movs	r2, #2
 330 004a 1343     		orrs	r3, r2
 331 004c DAB2     		uxtb	r2, r3
 332 004e 0D4B     		ldr	r3, .L27+4
 333 0050 1A70     		strb	r2, [r3]
 109:Core/Src/sensor_pdms.c **** 			return;
 334              		.loc 1 109 4
 335 0052 11E0     		b	.L18
 336              	.L22:
 110:Core/Src/sensor_pdms.c **** 		}
 111:Core/Src/sensor_pdms.c **** 		if (status & PDMS_STAT_P_UP)
 337              		.loc 1 111 14
 338 0054 3B1D     		adds	r3, r7, #4
 339 0056 1B88     		ldrh	r3, [r3]
 340 0058 1A00     		movs	r2, r3
 341 005a 0823     		movs	r3, #8
 342 005c 1340     		ands	r3, r2
 343              		.loc 1 111 6
 344 005e 0AD1     		bne	.L26
 112:Core/Src/sensor_pdms.c **** 		{
 113:Core/Src/sensor_pdms.c **** 			return;		/* erster Messwert liegt vor */
 114:Core/Src/sensor_pdms.c **** 		}
 115:Core/Src/sensor_pdms.c **** 		HAL_Delay(5);
 345              		.loc 1 115 3
 346 0060 0520     		movs	r0, #5
 347 0062 FFF7FEFF 		bl	HAL_Delay
 348              	.L21:
 104:Core/Src/sensor_pdms.c **** 	{
 349              		.loc 1 104 16
 350 0066 FB1D     		adds	r3, r7, #7
 351 0068 1B78     		ldrb	r3, [r3]
 352 006a FA1D     		adds	r2, r7, #7
 353 006c 591C     		adds	r1, r3, #1
 354 006e 1170     		strb	r1, [r2]
 104:Core/Src/sensor_pdms.c **** 	{
 355              		.loc 1 104 19
 356 0070 132B     		cmp	r3, #19
 357 0072 DFD9     		bls	.L24
 358 0074 00E0     		b	.L18
 359              	.L26:
 113:Core/Src/sensor_pdms.c **** 		}
 360              		.loc 1 113 4
 361 0076 C046     		nop
 362              	.L18:
 116:Core/Src/sensor_pdms.c **** 	}
 117:Core/Src/sensor_pdms.c **** 
 118:Core/Src/sensor_pdms.c **** 	/* Der Sensor antwortet, liefert aber keinen Messwert. Kein
 119:Core/Src/sensor_pdms.c **** 	 * ERROR_I2C - der Bus ist in Ordnung; get_value() meldet das
 120:Core/Src/sensor_pdms.c **** 	 * Problem, falls es bestehen bleibt. */
 121:Core/Src/sensor_pdms.c **** }
 363              		.loc 1 121 1
 364 0078 BD46     		mov	sp, r7
 365 007a 02B0     		add	sp, sp, #8
 366              		@ sp needed
 367 007c 80BD     		pop	{r7, pc}
 368              	.L28:
 369 007e C046     		.align	2
ARM GAS  C:\Users\a_hae\AppData\Local\Temp\ccu8qVvb.s 			page 11


 370              	.L27:
 371 0080 00000000 		.word	hi2c1
 372 0084 00000000 		.word	error_mode
 373              		.cfi_endproc
 374              	.LFE367:
 376              		.section	.text.get_value,"ax",%progbits
 377              		.align	1
 378              		.global	get_value
 379              		.syntax unified
 380              		.code	16
 381              		.thumb_func
 383              	get_value:
 384              	.LFB368:
 122:Core/Src/sensor_pdms.c **** 
 123:Core/Src/sensor_pdms.c **** sensor_mess get_value(void)
 124:Core/Src/sensor_pdms.c **** {
 385              		.loc 1 124 1
 386              		.cfi_startproc
 387              		@ args = 0, pretend = 0, frame = 24
 388              		@ frame_needed = 1, uses_anonymous_args = 0
 389 0000 90B5     		push	{r4, r7, lr}
 390              	.LCFI12:
 391              		.cfi_def_cfa_offset 12
 392              		.cfi_offset 4, -12
 393              		.cfi_offset 7, -8
 394              		.cfi_offset 14, -4
 395 0002 87B0     		sub	sp, sp, #28
 396              	.LCFI13:
 397              		.cfi_def_cfa_offset 40
 398 0004 00AF     		add	r7, sp, #0
 399              	.LCFI14:
 400              		.cfi_def_cfa_register 7
 401 0006 7860     		str	r0, [r7, #4]
 125:Core/Src/sensor_pdms.c **** 	static sensor_mess last_good = {0, 0};	/* letzter gueltiger Messwert */
 126:Core/Src/sensor_pdms.c **** 	sensor_mess mess_data;
 127:Core/Src/sensor_pdms.c **** 	uint16_t p16 = 0;
 402              		.loc 1 127 11
 403 0008 0E21     		movs	r1, #14
 404 000a 7B18     		adds	r3, r7, r1
 405 000c 0022     		movs	r2, #0
 406 000e 1A80     		strh	r2, [r3]
 128:Core/Src/sensor_pdms.c **** 	uint16_t t16 = 0;
 407              		.loc 1 128 11
 408 0010 0C23     		movs	r3, #12
 409 0012 FB18     		adds	r3, r7, r3
 410 0014 0022     		movs	r2, #0
 411 0016 1A80     		strh	r2, [r3]
 129:Core/Src/sensor_pdms.c **** 
 130:Core/Src/sensor_pdms.c **** 	/* Getrennte Registerzugriffe statt eines Blocklesens: das Handbuch
 131:Core/Src/sensor_pdms.c **** 	 * sichert die automatische Adresserhoehung ueber Registergrenzen
 132:Core/Src/sensor_pdms.c **** 	 * hinweg nicht ausdruecklich zu, und zwei kurze Zugriffe kosten bei
 133:Core/Src/sensor_pdms.c **** 	 * 400 kHz nur wenige hundert Mikrosekunden. */
 134:Core/Src/sensor_pdms.c **** 	if (read_reg16(PDMS_REG_DSP_P, &p16) == 0)
 412              		.loc 1 134 6
 413 0018 7B18     		adds	r3, r7, r1
 414 001a 1900     		movs	r1, r3
 415 001c 3020     		movs	r0, #48
ARM GAS  C:\Users\a_hae\AppData\Local\Temp\ccu8qVvb.s 			page 12


 416 001e FFF7FEFF 		bl	read_reg16
 417 0022 031E     		subs	r3, r0, #0
 418              		.loc 1 134 5 discriminator 1
 419 0024 0CD1     		bne	.L30
 135:Core/Src/sensor_pdms.c **** 	{
 136:Core/Src/sensor_pdms.c **** 		error_mode |= ERROR_I2C;
 420              		.loc 1 136 14
 421 0026 234B     		ldr	r3, .L34
 422 0028 1B78     		ldrb	r3, [r3]
 423 002a DBB2     		uxtb	r3, r3
 424 002c 0222     		movs	r2, #2
 425 002e 1343     		orrs	r3, r2
 426 0030 DAB2     		uxtb	r2, r3
 427 0032 204B     		ldr	r3, .L34
 428 0034 1A70     		strb	r2, [r3]
 137:Core/Src/sensor_pdms.c **** 		return last_good;
 429              		.loc 1 137 10
 430 0036 7B68     		ldr	r3, [r7, #4]
 431 0038 1F4A     		ldr	r2, .L34+4
 432 003a 03CA     		ldmia	r2!, {r0, r1}
 433 003c 03C3     		stmia	r3!, {r0, r1}
 434 003e 34E0     		b	.L33
 435              	.L30:
 138:Core/Src/sensor_pdms.c **** 	}
 139:Core/Src/sensor_pdms.c **** 	if (read_reg16(PDMS_REG_DSP_T, &t16) == 0)
 436              		.loc 1 139 6
 437 0040 0C23     		movs	r3, #12
 438 0042 FB18     		adds	r3, r7, r3
 439 0044 1900     		movs	r1, r3
 440 0046 2E20     		movs	r0, #46
 441 0048 FFF7FEFF 		bl	read_reg16
 442 004c 031E     		subs	r3, r0, #0
 443              		.loc 1 139 5 discriminator 1
 444 004e 0CD1     		bne	.L32
 140:Core/Src/sensor_pdms.c **** 	{
 141:Core/Src/sensor_pdms.c **** 		error_mode |= ERROR_I2C;
 445              		.loc 1 141 14
 446 0050 184B     		ldr	r3, .L34
 447 0052 1B78     		ldrb	r3, [r3]
 448 0054 DBB2     		uxtb	r3, r3
 449 0056 0222     		movs	r2, #2
 450 0058 1343     		orrs	r3, r2
 451 005a DAB2     		uxtb	r2, r3
 452 005c 154B     		ldr	r3, .L34
 453 005e 1A70     		strb	r2, [r3]
 142:Core/Src/sensor_pdms.c **** 		return last_good;
 454              		.loc 1 142 10
 455 0060 7B68     		ldr	r3, [r7, #4]
 456 0062 154A     		ldr	r2, .L34+4
 457 0064 03CA     		ldmia	r2!, {r0, r1}
 458 0066 03C3     		stmia	r3!, {r0, r1}
 459 0068 1FE0     		b	.L33
 460              	.L32:
 143:Core/Src/sensor_pdms.c **** 	}
 144:Core/Src/sensor_pdms.c **** 
 145:Core/Src/sensor_pdms.c **** 	mess_data.pressure = sensor_raw_to_ubar(p16) - EEPROM_values.offset;
 461              		.loc 1 145 23
ARM GAS  C:\Users\a_hae\AppData\Local\Temp\ccu8qVvb.s 			page 13


 462 006a 0E23     		movs	r3, #14
 463 006c FB18     		adds	r3, r7, r3
 464 006e 1B88     		ldrh	r3, [r3]
 465 0070 1800     		movs	r0, r3
 466 0072 FFF7FEFF 		bl	sensor_raw_to_ubar
 467 0076 0200     		movs	r2, r0
 468              		.loc 1 145 62 discriminator 1
 469 0078 104B     		ldr	r3, .L34+8
 470 007a 0821     		movs	r1, #8
 471 007c 5B5E     		ldrsh	r3, [r3, r1]
 472              		.loc 1 145 47 discriminator 1
 473 007e D21A     		subs	r2, r2, r3
 474              		.loc 1 145 21 discriminator 1
 475 0080 1024     		movs	r4, #16
 476 0082 3B19     		adds	r3, r7, r4
 477 0084 1A60     		str	r2, [r3]
 146:Core/Src/sensor_pdms.c **** 	mess_data.temp = sensor_raw_to_temp(t16);
 478              		.loc 1 146 19
 479 0086 0C23     		movs	r3, #12
 480 0088 FB18     		adds	r3, r7, r3
 481 008a 1B88     		ldrh	r3, [r3]
 482 008c 1800     		movs	r0, r3
 483 008e FFF7FEFF 		bl	sensor_raw_to_temp
 484 0092 0300     		movs	r3, r0
 485 0094 1A00     		movs	r2, r3
 486              		.loc 1 146 17 discriminator 1
 487 0096 3B19     		adds	r3, r7, r4
 488 0098 9A80     		strh	r2, [r3, #4]
 147:Core/Src/sensor_pdms.c **** 
 148:Core/Src/sensor_pdms.c **** 	last_good = mess_data;
 489              		.loc 1 148 12
 490 009a 074B     		ldr	r3, .L34+4
 491 009c 3A19     		adds	r2, r7, r4
 492 009e 03CA     		ldmia	r2!, {r0, r1}
 493 00a0 03C3     		stmia	r3!, {r0, r1}
 149:Core/Src/sensor_pdms.c **** 
 150:Core/Src/sensor_pdms.c **** 	return mess_data;
 494              		.loc 1 150 9
 495 00a2 7B68     		ldr	r3, [r7, #4]
 496 00a4 3A19     		adds	r2, r7, r4
 497 00a6 03CA     		ldmia	r2!, {r0, r1}
 498 00a8 03C3     		stmia	r3!, {r0, r1}
 499              	.L33:
 151:Core/Src/sensor_pdms.c **** }
 500              		.loc 1 151 1
 501 00aa 7868     		ldr	r0, [r7, #4]
 502 00ac BD46     		mov	sp, r7
 503 00ae 07B0     		add	sp, sp, #28
 504              		@ sp needed
 505 00b0 90BD     		pop	{r4, r7, pc}
 506              	.L35:
 507 00b2 C046     		.align	2
 508              	.L34:
 509 00b4 00000000 		.word	error_mode
 510 00b8 00000000 		.word	last_good.0
 511 00bc 00000000 		.word	EEPROM_values
 512              		.cfi_endproc
ARM GAS  C:\Users\a_hae\AppData\Local\Temp\ccu8qVvb.s 			page 14


 513              	.LFE368:
 515              		.section	.bss.last_good.0,"aw",%nobits
 516              		.align	2
 519              	last_good.0:
 520 0000 00000000 		.space	8
 520      00000000 
 521              		.text
 522              	.Letext0:
 523              		.file 3 "C:\\ST\\STM32CubeIDE_2.2.0\\STM32CubeIDE\\plugins\\com.st.stm32cube.ide.mcu.externaltools
 524              		.file 4 "C:\\ST\\STM32CubeIDE_2.2.0\\STM32CubeIDE\\plugins\\com.st.stm32cube.ide.mcu.externaltools
 525              		.file 5 "Drivers/CMSIS/Device/ST/STM32G0xx/Include/stm32g0b1xx.h"
 526              		.file 6 "Drivers/STM32G0xx_HAL_Driver/Inc/stm32g0xx_hal_def.h"
 527              		.file 7 "Drivers/STM32G0xx_HAL_Driver/Inc/stm32g0xx_hal_dma.h"
 528              		.file 8 "Drivers/STM32G0xx_HAL_Driver/Inc/stm32g0xx_hal_i2c.h"
 529              		.file 9 "Core/Inc/app_types.h"
 530              		.file 10 "Drivers/STM32G0xx_HAL_Driver/Inc/stm32g0xx_ll_dma.h"
 531              		.file 11 "Drivers/STM32G0xx_HAL_Driver/Inc/stm32g0xx_hal.h"
ARM GAS  C:\Users\a_hae\AppData\Local\Temp\ccu8qVvb.s 			page 15


DEFINED SYMBOLS
                            *ABS*:00000000 sensor_pdms.c
C:\Users\a_hae\AppData\Local\Temp\ccu8qVvb.s:19     .rodata.CHANNEL_OFFSET_TAB:00000000 $d
C:\Users\a_hae\AppData\Local\Temp\ccu8qVvb.s:22     .rodata.CHANNEL_OFFSET_TAB:00000000 CHANNEL_OFFSET_TAB
C:\Users\a_hae\AppData\Local\Temp\ccu8qVvb.s:25     .text.sensor_raw_to_ubar:00000000 $t
C:\Users\a_hae\AppData\Local\Temp\ccu8qVvb.s:30     .text.sensor_raw_to_ubar:00000000 sensor_raw_to_ubar
C:\Users\a_hae\AppData\Local\Temp\ccu8qVvb.s:96     .text.sensor_raw_to_ubar:0000004c $d
C:\Users\a_hae\AppData\Local\Temp\ccu8qVvb.s:106    .text.sensor_raw_to_temp:00000000 $t
C:\Users\a_hae\AppData\Local\Temp\ccu8qVvb.s:111    .text.sensor_raw_to_temp:00000000 sensor_raw_to_temp
C:\Users\a_hae\AppData\Local\Temp\ccu8qVvb.s:161    .text.sensor_raw_to_temp:00000038 $d
C:\Users\a_hae\AppData\Local\Temp\ccu8qVvb.s:167    .text.read_reg16:00000000 $t
C:\Users\a_hae\AppData\Local\Temp\ccu8qVvb.s:172    .text.read_reg16:00000000 read_reg16
C:\Users\a_hae\AppData\Local\Temp\ccu8qVvb.s:260    .text.read_reg16:00000070 $d
C:\Users\a_hae\AppData\Local\Temp\ccu8qVvb.s:265    .text.init_Sensor:00000000 $t
C:\Users\a_hae\AppData\Local\Temp\ccu8qVvb.s:271    .text.init_Sensor:00000000 init_Sensor
C:\Users\a_hae\AppData\Local\Temp\ccu8qVvb.s:371    .text.init_Sensor:00000080 $d
C:\Users\a_hae\AppData\Local\Temp\ccu8qVvb.s:377    .text.get_value:00000000 $t
C:\Users\a_hae\AppData\Local\Temp\ccu8qVvb.s:383    .text.get_value:00000000 get_value
C:\Users\a_hae\AppData\Local\Temp\ccu8qVvb.s:509    .text.get_value:000000b4 $d
C:\Users\a_hae\AppData\Local\Temp\ccu8qVvb.s:519    .bss.last_good.0:00000000 last_good.0
C:\Users\a_hae\AppData\Local\Temp\ccu8qVvb.s:516    .bss.last_good.0:00000000 $d

UNDEFINED SYMBOLS
__aeabi_idiv
HAL_I2C_Master_Transmit
HAL_I2C_Master_Receive
hi2c1
HAL_I2C_IsDeviceReady
HAL_Delay
error_mode
EEPROM_values
